2024-12-20 17:18:04,047 WARNING database DDL Query made to DB:
ALTER TABLE `tabBill of Quantity` MODIFY `final_rate` decimal(21,9) not null default 0, MODIFY `unit_price_after_discount_without_vat_copy` decimal(21,9) not null default 0, MODIFY `installation` decimal(21,9) not null default 0, MODIFY `profit_margin` decimal(21,9) not null default 0, MODIFY `shipping` decimal(21,9) not null default 0, MODIFY `customiziation` decimal(21,9) not null default 0, MODIFY `stocking` decimal(21,9) not null default 0, MODIFY `logisitics` decimal(21,9) not null default 0, MODIFY `additional_cost` decimal(21,9) not null default 0, MODIFY `unit_price_after_discount_with_vat` decimal(21,9) not null default 0, MODIFY `custom_and_clearnce` decimal(21,9) not null default 0, MODIFY `unit_price_after_discount_with_vat_sar` decimal(21,9) not null default 0, MODIFY `oh` decimal(21,9) not null default 0, MODIFY `transit_fees` decimal(21,9) not null default 0, MODIFY `total_finals` decimal(21,9) not null default 0, MODIFY `total_before_margins` decimal(21,9) not null default 0, MODIFY `product_code_category` varchar(140), MODIFY `old_price` decimal(21,9) not null default 0, MODIFY `cost_before_margin` decimal(21,9) not null default 0
2024-12-20 17:18:04,313 WARNING database DDL Query made to DB:
ALTER TABLE `tabMaterial Request` MODIFY `per_ordered` decimal(21,9) not null default 0, MODIFY `per_received` decimal(21,9) not null default 0
2024-12-20 17:18:05,567 WARNING database DDL Query made to DB:
ALTER TABLE `tabItem` MODIFY `total_projected_qty` decimal(21,9) not null default 0, MODIFY `over_billing_allowance` decimal(21,9) not null default 0, MODIFY `weight_per_unit` decimal(21,9) not null default 0, MODIFY `over_delivery_receipt_allowance` decimal(21,9) not null default 0, MODIFY `valuation_rate` decimal(21,9) not null default 0, MODIFY `last_purchase_rate` decimal(21,9) not null default 0, MODIFY `standard_rate` decimal(21,9) not null default 0, MODIFY `custom_quantity` decimal(21,9) not null default 0, MODIFY `max_discount` decimal(21,9) not null default 0, MODIFY `safety_stock` decimal(21,9) not null default 0, MODIFY `opening_stock` decimal(21,9) not null default 0
2024-12-20 17:18:05,886 WARNING database DDL Query made to DB:
ALTER TABLE `tabMaterial Request Item` MODIFY `conversion_factor` decimal(21,9) not null default 0, MODIFY `received_qty` decimal(21,9) not null default 0, MODIFY `rate` decimal(21,9) not null default 0, MODIFY `min_order_qty` decimal(21,9) not null default 0, MODIFY `price_list_rate` decimal(21,9) not null default 0, MODIFY `actual_qty` decimal(21,9) not null default 0, MODIFY `projected_qty` decimal(21,9) not null default 0, MODIFY `amount` decimal(21,9) not null default 0, MODIFY `stock_qty` decimal(21,9) not null default 0, MODIFY `qty` decimal(21,9) not null default 0, MODIFY `ordered_qty` decimal(21,9) not null default 0
2024-12-20 17:18:07,119 WARNING database DDL Query made to DB:
ALTER TABLE `tabLead` MODIFY `custom_stocking` decimal(21,9) not null default 0, MODIFY `custom_installation_` decimal(21,9) not null default 0, MODIFY `custom_oh` decimal(21,9) not null default 0, MODIFY `custom_profit_margin` decimal(21,9) not null default 0, MODIFY `custom_customiziation` decimal(21,9) not null default 0, MODIFY `custom_logistics` decimal(21,9) not null default 0, MODIFY `annual_revenue` decimal(21,9) not null default 0, MODIFY `custom_shipping` decimal(21,9) not null default 0, MODIFY `custom_aditional_cost` decimal(21,9) not null default 0, MODIFY `custom_custom_and_clearnce` decimal(21,9) not null default 0
2024-12-20 17:18:07,315 WARNING database DDL Query made to DB:
ALTER TABLE `tabProject` MODIFY `total_billed_amount` decimal(21,9) not null default 0, MODIFY `estimated_costing` decimal(21,9) not null default 0, MODIFY `total_expense_claim` decimal(21,9) not null default 0, MODIFY `percent_complete` decimal(21,9) not null default 0, MODIFY `total_purchase_cost` decimal(21,9) not null default 0, MODIFY `total_billable_amount` decimal(21,9) not null default 0, MODIFY `total_consumed_material_cost` decimal(21,9) not null default 0, MODIFY `gross_margin` decimal(21,9) not null default 0, MODIFY `per_gross_margin` decimal(21,9) not null default 0, MODIFY `total_sales_amount` decimal(21,9) not null default 0, MODIFY `total_costing_amount` decimal(21,9) not null default 0, MODIFY `actual_time` decimal(21,9) not null default 0
2024-12-20 17:18:07,501 WARNING database DDL Query made to DB:
ALTER TABLE `tabSupplier Quotation Item` MODIFY `discount_amount` decimal(21,9) not null default 0, MODIFY `base_price_list_rate` decimal(21,9) not null default 0, MODIFY `stock_qty` decimal(21,9) not null default 0, MODIFY `total_weight` decimal(21,9) not null default 0, MODIFY `rate` decimal(21,9) not null default 0, MODIFY `net_rate` decimal(21,9) not null default 0, MODIFY `base_net_rate` decimal(21,9) not null default 0, MODIFY `discount_percentage` decimal(21,9) not null default 0, MODIFY `price_list_rate` decimal(21,9) not null default 0, MODIFY `base_net_amount` decimal(21,9) not null default 0, MODIFY `weight_per_unit` decimal(21,9) not null default 0, MODIFY `base_rate` decimal(21,9) not null default 0, MODIFY `qty` decimal(21,9) not null default 0, MODIFY `amount` decimal(21,9) not null default 0, MODIFY `base_amount` decimal(21,9) not null default 0, MODIFY `conversion_factor` decimal(21,9) not null default 0, MODIFY `net_amount` decimal(21,9) not null default 0
2024-12-30 12:55:32,727 WARNING database DDL Query made to DB:
alter table `tabDocType` add column if not exists migration_hash varchar(140)
2024-12-30 12:55:37,201 WARNING database DDL Query made to DB:
ALTER TABLE `tabPrint Heading` DROP INDEX `print_heading`
2024-12-30 12:55:41,908 WARNING database DDL Query made to DB:
ALTER TABLE `tabPrint Heading` ADD UNIQUE INDEX IF NOT EXISTS print_heading (`print_heading`)
2024-12-30 12:55:55,076 WARNING database DDL Query made to DB:
ALTER TABLE `tabRequest for Quotation Item` MODIFY `stock_qty` decimal(21,9) not null default 0, MODIFY `conversion_factor` decimal(21,9) not null default 0, MODIFY `qty` decimal(21,9) not null default 0
2024-12-30 12:55:58,770 WARNING database DDL Query made to DB:
ALTER TABLE `tabSupplier Quotation` MODIFY `base_taxes_and_charges_deducted` decimal(21,9) not null default 0, MODIFY `additional_discount_percentage` decimal(21,9) not null default 0, MODIFY `total_taxes_and_charges` decimal(21,9) not null default 0, MODIFY `base_taxes_and_charges_added` decimal(21,9) not null default 0, MODIFY `total_qty` decimal(21,9) not null default 0, MODIFY `base_discount_amount` decimal(21,9) not null default 0, MODIFY `total` decimal(21,9) not null default 0, MODIFY `base_total` decimal(21,9) not null default 0, MODIFY `grand_total` decimal(21,9) not null default 0, MODIFY `base_total_taxes_and_charges` decimal(21,9) not null default 0, MODIFY `base_net_total` decimal(21,9) not null default 0, MODIFY `rounded_total` decimal(21,9) not null default 0, MODIFY `plc_conversion_rate` decimal(21,9) not null default 0, MODIFY `net_total` decimal(21,9) not null default 0, MODIFY `rounding_adjustment` decimal(21,9) not null default 0, MODIFY `taxes_and_charges_deducted` decimal(21,9) not null default 0, MODIFY `base_rounded_total` decimal(21,9) not null default 0, MODIFY `total_net_weight` decimal(21,9) not null default 0, MODIFY `discount_amount` decimal(21,9) not null default 0, MODIFY `base_grand_total` decimal(21,9) not null default 0, MODIFY `conversion_rate` decimal(21,9) not null default 0, MODIFY `taxes_and_charges_added` decimal(21,9) not null default 0, MODIFY `base_rounding_adjustment` decimal(21,9) not null default 0
2024-12-30 12:56:00,004 WARNING database DDL Query made to DB:
ALTER TABLE `tabBill of Quantity` MODIFY `custom_and_clearnce` decimal(21,9) not null default 0, MODIFY `old_price` decimal(21,9) not null default 0, MODIFY `transit_fees` decimal(21,9) not null default 0, MODIFY `unit_price_after_discount_without_vat_copy` decimal(21,9) not null default 0, MODIFY `unit_price_after_discount_with_vat` decimal(21,9) not null default 0, MODIFY `unit_price_after_discount_with_vat_sar` decimal(21,9) not null default 0, MODIFY `cost_before_margin` decimal(21,9) not null default 0, MODIFY `total_before_margins` decimal(21,9) not null default 0, MODIFY `final_rate` decimal(21,9) not null default 0, MODIFY `oh` decimal(21,9) not null default 0, MODIFY `logisitics` decimal(21,9) not null default 0, MODIFY `shipping` decimal(21,9) not null default 0, MODIFY `additional_cost` decimal(21,9) not null default 0, MODIFY `customiziation` decimal(21,9) not null default 0, MODIFY `stocking` decimal(21,9) not null default 0, MODIFY `product_code_category` varchar(140), MODIFY `total_finals` decimal(21,9) not null default 0, MODIFY `installation` decimal(21,9) not null default 0, MODIFY `profit_margin` decimal(21,9) not null default 0
2024-12-30 12:56:00,715 WARNING database DDL Query made to DB:
ALTER TABLE `tabMaterial Request` MODIFY `per_ordered` decimal(21,9) not null default 0, MODIFY `per_received` decimal(21,9) not null default 0
2024-12-30 12:56:04,641 WARNING database DDL Query made to DB:
ALTER TABLE `tabItem` MODIFY `over_billing_allowance` decimal(21,9) not null default 0, MODIFY `last_purchase_rate` decimal(21,9) not null default 0, MODIFY `opening_stock` decimal(21,9) not null default 0, MODIFY `weight_per_unit` decimal(21,9) not null default 0, MODIFY `max_discount` decimal(21,9) not null default 0, MODIFY `total_projected_qty` decimal(21,9) not null default 0, MODIFY `custom_quantity` decimal(21,9) not null default 0, MODIFY `safety_stock` decimal(21,9) not null default 0, MODIFY `valuation_rate` decimal(21,9) not null default 0, MODIFY `standard_rate` decimal(21,9) not null default 0, MODIFY `over_delivery_receipt_allowance` decimal(21,9) not null default 0
2024-12-30 12:56:05,349 WARNING database DDL Query made to DB:
ALTER TABLE `tabMaterial Request Item` MODIFY `qty` decimal(21,9) not null default 0, MODIFY `min_order_qty` decimal(21,9) not null default 0, MODIFY `received_qty` decimal(21,9) not null default 0, MODIFY `ordered_qty` decimal(21,9) not null default 0, MODIFY `conversion_factor` decimal(21,9) not null default 0, MODIFY `rate` decimal(21,9) not null default 0, MODIFY `projected_qty` decimal(21,9) not null default 0, MODIFY `actual_qty` decimal(21,9) not null default 0, MODIFY `price_list_rate` decimal(21,9) not null default 0, MODIFY `amount` decimal(21,9) not null default 0, MODIFY `stock_qty` decimal(21,9) not null default 0
2024-12-30 12:56:08,641 WARNING database DDL Query made to DB:
ALTER TABLE `tabLead` MODIFY `custom_shipping` decimal(21,9) not null default 0, MODIFY `custom_logistics` decimal(21,9) not null default 0, MODIFY `custom_profit_margin` decimal(21,9) not null default 0, MODIFY `custom_oh` decimal(21,9) not null default 0, MODIFY `custom_stocking` decimal(21,9) not null default 0, MODIFY `custom_customiziation` decimal(21,9) not null default 0, MODIFY `custom_installation_` decimal(21,9) not null default 0, MODIFY `custom_custom_and_clearnce` decimal(21,9) not null default 0, MODIFY `annual_revenue` decimal(21,9) not null default 0, MODIFY `custom_aditional_cost` decimal(21,9) not null default 0
2024-12-30 12:56:09,138 WARNING database DDL Query made to DB:
ALTER TABLE `tabProject` MODIFY `per_gross_margin` decimal(21,9) not null default 0, MODIFY `actual_time` decimal(21,9) not null default 0, MODIFY `total_billed_amount` decimal(21,9) not null default 0, MODIFY `total_billable_amount` decimal(21,9) not null default 0, MODIFY `estimated_costing` decimal(21,9) not null default 0, MODIFY `total_expense_claim` decimal(21,9) not null default 0, MODIFY `total_sales_amount` decimal(21,9) not null default 0, MODIFY `total_consumed_material_cost` decimal(21,9) not null default 0, MODIFY `total_costing_amount` decimal(21,9) not null default 0, MODIFY `gross_margin` decimal(21,9) not null default 0, MODIFY `percent_complete` decimal(21,9) not null default 0, MODIFY `total_purchase_cost` decimal(21,9) not null default 0
2024-12-30 12:56:09,616 WARNING database DDL Query made to DB:
ALTER TABLE `tabSupplier Quotation Item` MODIFY `discount_amount` decimal(21,9) not null default 0, MODIFY `total_weight` decimal(21,9) not null default 0, MODIFY `base_rate` decimal(21,9) not null default 0, MODIFY `base_net_amount` decimal(21,9) not null default 0, MODIFY `net_rate` decimal(21,9) not null default 0, MODIFY `stock_qty` decimal(21,9) not null default 0, MODIFY `base_price_list_rate` decimal(21,9) not null default 0, MODIFY `net_amount` decimal(21,9) not null default 0, MODIFY `base_net_rate` decimal(21,9) not null default 0, MODIFY `qty` decimal(21,9) not null default 0, MODIFY `price_list_rate` decimal(21,9) not null default 0, MODIFY `conversion_factor` decimal(21,9) not null default 0, MODIFY `base_amount` decimal(21,9) not null default 0, MODIFY `amount` decimal(21,9) not null default 0, MODIFY `discount_percentage` decimal(21,9) not null default 0, MODIFY `weight_per_unit` decimal(21,9) not null default 0, MODIFY `rate` decimal(21,9) not null default 0
2024-12-31 20:13:30,702 WARNING database DDL Query made to DB:
alter table `tabBill of Quantity` add column if not exists parent varchar(140)
2024-12-31 20:13:30,704 WARNING database DDL Query made to DB:
alter table `tabBill of Quantity` add column if not exists parenttype varchar(140)
2024-12-31 20:13:30,704 WARNING database DDL Query made to DB:
alter table `tabBill of Quantity` add column if not exists parentfield varchar(140)
2024-12-31 20:13:31,152 WARNING database DDL Query made to DB:
ALTER TABLE `tabBill of Quantity` MODIFY `unit_price_after_discount_without_vat_copy` decimal(21,9) not null default 0, MODIFY `cost_before_margin` decimal(21,9) not null default 0, MODIFY `unit_price_after_discount_with_vat` decimal(21,9) not null default 0, MODIFY `total_before_margins` decimal(21,9) not null default 0, MODIFY `total_finals` decimal(21,9) not null default 0, MODIFY `final_rate` decimal(21,9) not null default 0, MODIFY `custom_and_clearnce` decimal(21,9) not null default 0, MODIFY `unit_price_after_discount_with_vat_sar` decimal(21,9) not null default 0, MODIFY `logisitics` decimal(21,9) not null default 0, MODIFY `oh` decimal(21,9) not null default 0, MODIFY `additional_cost` decimal(21,9) not null default 0, MODIFY `product_code_category` varchar(140), MODIFY `shipping` decimal(21,9) not null default 0, MODIFY `stocking` decimal(21,9) not null default 0, MODIFY `customiziation` decimal(21,9) not null default 0, MODIFY `profit_margin` decimal(21,9) not null default 0, MODIFY `installation` decimal(21,9) not null default 0, MODIFY `old_price` decimal(21,9) not null default 0, MODIFY `transit_fees` decimal(21,9) not null default 0
2024-12-31 20:14:30,828 WARNING database DDL Query made to DB:
alter table `tabBill of Quantity` add column if not exists parent varchar(140)
2024-12-31 20:14:30,829 WARNING database DDL Query made to DB:
alter table `tabBill of Quantity` add column if not exists parenttype varchar(140)
2024-12-31 20:14:30,829 WARNING database DDL Query made to DB:
alter table `tabBill of Quantity` add column if not exists parentfield varchar(140)
2024-12-31 20:14:31,286 WARNING database DDL Query made to DB:
ALTER TABLE `tabBill of Quantity` MODIFY `product_code_category` varchar(140), MODIFY `total_before_margins` decimal(21,9) not null default 0, MODIFY `cost_before_margin` decimal(21,9) not null default 0, MODIFY `total_finals` decimal(21,9) not null default 0, MODIFY `final_rate` decimal(21,9) not null default 0, MODIFY `custom_and_clearnce` decimal(21,9) not null default 0, MODIFY `unit_price_after_discount_with_vat` decimal(21,9) not null default 0, MODIFY `logisitics` decimal(21,9) not null default 0, MODIFY `oh` decimal(21,9) not null default 0, MODIFY `additional_cost` decimal(21,9) not null default 0, MODIFY `shipping` decimal(21,9) not null default 0, MODIFY `stocking` decimal(21,9) not null default 0, MODIFY `customiziation` decimal(21,9) not null default 0, MODIFY `profit_margin` decimal(21,9) not null default 0, MODIFY `installation` decimal(21,9) not null default 0, MODIFY `unit_price_after_discount_without_vat_copy` decimal(21,9) not null default 0, MODIFY `transit_fees` decimal(21,9) not null default 0, MODIFY `unit_price_after_discount_with_vat_sar` decimal(21,9) not null default 0, MODIFY `old_price` decimal(21,9) not null default 0
2024-12-31 22:17:26,705 WARNING database DDL Query made to DB:
alter table `tabBill of Quantity` add column if not exists parent varchar(140)
2024-12-31 22:17:26,707 WARNING database DDL Query made to DB:
alter table `tabBill of Quantity` add column if not exists parenttype varchar(140)
2024-12-31 22:17:26,709 WARNING database DDL Query made to DB:
alter table `tabBill of Quantity` add column if not exists parentfield varchar(140)
2024-12-31 22:17:28,090 WARNING database DDL Query made to DB:
ALTER TABLE `tabBill of Quantity` MODIFY `shipping` decimal(21,9) not null default 0, MODIFY `unit_price_after_discount_without_vat_copy` decimal(21,9) not null default 0, MODIFY `final_rate` decimal(21,9) not null default 0, MODIFY `unit_price_after_discount_with_vat` decimal(21,9) not null default 0, MODIFY `installation` decimal(21,9) not null default 0, MODIFY `custom_and_clearnce` decimal(21,9) not null default 0, MODIFY `old_price` decimal(21,9) not null default 0, MODIFY `customiziation` decimal(21,9) not null default 0, MODIFY `transit_fees` decimal(21,9) not null default 0, MODIFY `product_code_category` varchar(140), MODIFY `profit_margin` decimal(21,9) not null default 0, MODIFY `unit_price_after_discount_with_vat_sar` decimal(21,9) not null default 0, MODIFY `total_finals` decimal(21,9) not null default 0, MODIFY `additional_cost` decimal(21,9) not null default 0, MODIFY `cost_before_margin` decimal(21,9) not null default 0, MODIFY `total_before_margins` decimal(21,9) not null default 0, MODIFY `stocking` decimal(21,9) not null default 0, MODIFY `logisitics` decimal(21,9) not null default 0, MODIFY `oh` decimal(21,9) not null default 0
