12595:C 26 Oct 2024 01:08:46.384 # oO0OoO0OoO0Oo Redis is starting oO0OoO0OoO0Oo
12595:C 26 Oct 2024 01:08:46.384 # Redis version=6.0.16, bits=64, commit=00000000, modified=0, pid=12595, just started
12595:C 26 Oct 2024 01:08:46.384 # Configuration loaded
12595:M 26 Oct 2024 01:08:46.385 * Increased maximum number of open files to 10032 (it was originally set to 1024).
12595:M 26 Oct 2024 01:08:46.386 * Running mode=standalone, port=13000.
12595:M 26 Oct 2024 01:08:46.386 # Server initialized
12595:M 26 Oct 2024 01:08:46.386 # WARNING overcommit_memory is set to 0! Background save may fail under low memory condition. To fix this issue add 'vm.overcommit_memory = 1' to /etc/sysctl.conf and then reboot or run the command 'sysctl vm.overcommit_memory=1' for this to take effect.
12595:M 26 Oct 2024 01:08:46.386 * Ready to accept connections
971:C 03 Nov 2024 19:46:32.480 # oO0OoO0OoO0Oo Redis is starting oO0OoO0OoO0Oo
971:C 03 Nov 2024 19:46:32.480 # Redis version=6.0.16, bits=64, commit=00000000, modified=0, pid=971, just started
971:C 03 Nov 2024 19:46:32.480 # Configuration loaded
971:M 03 Nov 2024 19:46:32.481 * Increased maximum number of open files to 10032 (it was originally set to 1024).
971:M 03 Nov 2024 19:46:32.483 * Running mode=standalone, port=13000.
971:M 03 Nov 2024 19:46:32.483 # Server initialized
971:M 03 Nov 2024 19:46:32.483 * Ready to accept connections
999:C 03 Nov 2024 21:58:15.720 # oO0OoO0OoO0Oo Redis is starting oO0OoO0OoO0Oo
999:C 03 Nov 2024 21:58:15.720 # Redis version=6.0.16, bits=64, commit=00000000, modified=0, pid=999, just started
999:C 03 Nov 2024 21:58:15.720 # Configuration loaded
999:M 03 Nov 2024 21:58:15.721 * Increased maximum number of open files to 10032 (it was originally set to 1024).
999:M 03 Nov 2024 21:58:15.723 * Running mode=standalone, port=13000.
999:M 03 Nov 2024 21:58:15.723 # Server initialized
999:M 03 Nov 2024 21:58:15.723 * Ready to accept connections
1031:C 04 Nov 2024 08:50:52.583 # oO0OoO0OoO0Oo Redis is starting oO0OoO0OoO0Oo
1031:C 04 Nov 2024 08:50:52.583 # Redis version=6.0.16, bits=64, commit=00000000, modified=0, pid=1031, just started
1031:C 04 Nov 2024 08:50:52.583 # Configuration loaded
1031:M 04 Nov 2024 08:50:52.584 * Increased maximum number of open files to 10032 (it was originally set to 1024).
1031:M 04 Nov 2024 08:50:52.586 * Running mode=standalone, port=13000.
1031:M 04 Nov 2024 08:50:52.586 # Server initialized
1031:M 04 Nov 2024 08:50:52.586 * Ready to accept connections
996:C 04 Nov 2024 20:16:43.684 # oO0OoO0OoO0Oo Redis is starting oO0OoO0OoO0Oo
996:C 04 Nov 2024 20:16:43.684 # Redis version=6.0.16, bits=64, commit=00000000, modified=0, pid=996, just started
996:C 04 Nov 2024 20:16:43.684 # Configuration loaded
996:M 04 Nov 2024 20:16:43.685 * Increased maximum number of open files to 10032 (it was originally set to 1024).
996:M 04 Nov 2024 20:16:43.686 * Running mode=standalone, port=13000.
996:M 04 Nov 2024 20:16:43.686 # Server initialized
996:M 04 Nov 2024 20:16:43.687 * Ready to accept connections
1022:C 07 Nov 2024 14:46:53.318 # oO0OoO0OoO0Oo Redis is starting oO0OoO0OoO0Oo
1022:C 07 Nov 2024 14:46:53.318 # Redis version=6.0.16, bits=64, commit=00000000, modified=0, pid=1022, just started
1022:C 07 Nov 2024 14:46:53.318 # Configuration loaded
1022:M 07 Nov 2024 14:46:53.319 * Increased maximum number of open files to 10032 (it was originally set to 1024).
1022:M 07 Nov 2024 14:46:53.334 * Running mode=standalone, port=13000.
1022:M 07 Nov 2024 14:46:53.334 # Server initialized
1022:M 07 Nov 2024 14:46:53.334 * Ready to accept connections
945:C 11 Nov 2024 19:30:54.379 # oO0OoO0OoO0Oo Redis is starting oO0OoO0OoO0Oo
945:C 11 Nov 2024 19:30:54.379 # Redis version=6.0.16, bits=64, commit=00000000, modified=0, pid=945, just started
945:C 11 Nov 2024 19:30:54.379 # Configuration loaded
945:M 11 Nov 2024 19:30:54.417 * Increased maximum number of open files to 10032 (it was originally set to 1024).
945:M 11 Nov 2024 19:30:54.434 * Running mode=standalone, port=13000.
945:M 11 Nov 2024 19:30:54.434 # Server initialized
945:M 11 Nov 2024 19:30:54.434 * Ready to accept connections
986:C 15 Nov 2024 22:32:35.761 # oO0OoO0OoO0Oo Redis is starting oO0OoO0OoO0Oo
986:C 15 Nov 2024 22:32:35.761 # Redis version=6.0.16, bits=64, commit=00000000, modified=0, pid=986, just started
986:C 15 Nov 2024 22:32:35.761 # Configuration loaded
986:M 15 Nov 2024 22:32:35.763 * Increased maximum number of open files to 10032 (it was originally set to 1024).
986:M 15 Nov 2024 22:32:35.775 * Running mode=standalone, port=13000.
986:M 15 Nov 2024 22:32:35.775 # Server initialized
986:M 15 Nov 2024 22:32:35.775 * Ready to accept connections
982:C 20 Nov 2024 19:04:38.478 # oO0OoO0OoO0Oo Redis is starting oO0OoO0OoO0Oo
982:C 20 Nov 2024 19:04:38.478 # Redis version=6.0.16, bits=64, commit=00000000, modified=0, pid=982, just started
982:C 20 Nov 2024 19:04:38.478 # Configuration loaded
982:M 20 Nov 2024 19:04:38.484 * Increased maximum number of open files to 10032 (it was originally set to 1024).
982:M 20 Nov 2024 19:04:38.495 * Running mode=standalone, port=13000.
982:M 20 Nov 2024 19:04:38.495 # Server initialized
982:M 20 Nov 2024 19:04:38.495 * Ready to accept connections
976:C 20 Nov 2024 19:05:19.278 # oO0OoO0OoO0Oo Redis is starting oO0OoO0OoO0Oo
976:C 20 Nov 2024 19:05:19.278 # Redis version=6.0.16, bits=64, commit=00000000, modified=0, pid=976, just started
976:C 20 Nov 2024 19:05:19.278 # Configuration loaded
976:M 20 Nov 2024 19:05:19.280 * Increased maximum number of open files to 10032 (it was originally set to 1024).
976:M 20 Nov 2024 19:05:19.286 * Running mode=standalone, port=13000.
976:M 20 Nov 2024 19:05:19.286 # Server initialized
976:M 20 Nov 2024 19:05:19.286 * Ready to accept connections
953:C 24 Nov 2024 02:04:40.313 # oO0OoO0OoO0Oo Redis is starting oO0OoO0OoO0Oo
953:C 24 Nov 2024 02:04:40.313 # Redis version=6.0.16, bits=64, commit=00000000, modified=0, pid=953, just started
953:C 24 Nov 2024 02:04:40.313 # Configuration loaded
953:M 24 Nov 2024 02:04:40.318 * Increased maximum number of open files to 10032 (it was originally set to 1024).
953:M 24 Nov 2024 02:04:40.328 * Running mode=standalone, port=13000.
953:M 24 Nov 2024 02:04:40.328 # Server initialized
953:M 24 Nov 2024 02:04:40.333 * Ready to accept connections
1002:C 28 Nov 2024 22:11:29.107 # oO0OoO0OoO0Oo Redis is starting oO0OoO0OoO0Oo
1002:C 28 Nov 2024 22:11:29.107 # Redis version=6.0.16, bits=64, commit=00000000, modified=0, pid=1002, just started
1002:C 28 Nov 2024 22:11:29.107 # Configuration loaded
1002:M 28 Nov 2024 22:11:29.110 * Increased maximum number of open files to 10032 (it was originally set to 1024).
1002:M 28 Nov 2024 22:11:29.122 * Running mode=standalone, port=13000.
1002:M 28 Nov 2024 22:11:29.126 # Server initialized
1002:M 28 Nov 2024 22:11:29.127 * Ready to accept connections
892:C 02 Dec 2024 08:21:49.139 # oO0OoO0OoO0Oo Redis is starting oO0OoO0OoO0Oo
892:C 02 Dec 2024 08:21:49.139 # Redis version=6.0.16, bits=64, commit=00000000, modified=0, pid=892, just started
892:C 02 Dec 2024 08:21:49.139 # Configuration loaded
892:M 02 Dec 2024 08:21:49.142 * Increased maximum number of open files to 10032 (it was originally set to 1024).
892:M 02 Dec 2024 08:21:49.144 * Running mode=standalone, port=13000.
892:M 02 Dec 2024 08:21:49.144 # Server initialized
892:M 02 Dec 2024 08:21:49.144 * Ready to accept connections
950:C 05 Dec 2024 01:16:41.578 # oO0OoO0OoO0Oo Redis is starting oO0OoO0OoO0Oo
950:C 05 Dec 2024 01:16:41.578 # Redis version=6.0.16, bits=64, commit=00000000, modified=0, pid=950, just started
950:C 05 Dec 2024 01:16:41.578 # Configuration loaded
950:M 05 Dec 2024 01:16:41.582 * Increased maximum number of open files to 10032 (it was originally set to 1024).
950:M 05 Dec 2024 01:16:41.586 * Running mode=standalone, port=13000.
950:M 05 Dec 2024 01:16:41.587 # Server initialized
950:M 05 Dec 2024 01:16:41.587 * Ready to accept connections
934:C 07 Dec 2024 22:15:45.096 # oO0OoO0OoO0Oo Redis is starting oO0OoO0OoO0Oo
934:C 07 Dec 2024 22:15:45.096 # Redis version=6.0.16, bits=64, commit=00000000, modified=0, pid=934, just started
934:C 07 Dec 2024 22:15:45.096 # Configuration loaded
934:M 07 Dec 2024 22:15:45.125 * Increased maximum number of open files to 10032 (it was originally set to 1024).
934:M 07 Dec 2024 22:15:45.127 * Running mode=standalone, port=13000.
934:M 07 Dec 2024 22:15:45.128 # Server initialized
934:M 07 Dec 2024 22:15:45.128 * Ready to accept connections
882:C 09 Dec 2024 19:36:17.409 # oO0OoO0OoO0Oo Redis is starting oO0OoO0OoO0Oo
882:C 09 Dec 2024 19:36:17.409 # Redis version=6.0.16, bits=64, commit=00000000, modified=0, pid=882, just started
882:C 09 Dec 2024 19:36:17.409 # Configuration loaded
882:M 09 Dec 2024 19:36:17.411 * Increased maximum number of open files to 10032 (it was originally set to 1024).
882:M 09 Dec 2024 19:36:17.416 * Running mode=standalone, port=13000.
882:M 09 Dec 2024 19:36:17.417 # Server initialized
882:M 09 Dec 2024 19:36:17.417 * Ready to accept connections
935:C 11 Dec 2024 22:52:29.880 # oO0OoO0OoO0Oo Redis is starting oO0OoO0OoO0Oo
935:C 11 Dec 2024 22:52:29.880 # Redis version=6.0.16, bits=64, commit=00000000, modified=0, pid=935, just started
935:C 11 Dec 2024 22:52:29.880 # Configuration loaded
935:M 11 Dec 2024 22:52:29.882 * Increased maximum number of open files to 10032 (it was originally set to 1024).
935:M 11 Dec 2024 22:52:29.895 * Running mode=standalone, port=13000.
935:M 11 Dec 2024 22:52:29.895 # Server initialized
935:M 11 Dec 2024 22:52:29.896 * Ready to accept connections
913:C 12 Dec 2024 09:23:39.267 # oO0OoO0OoO0Oo Redis is starting oO0OoO0OoO0Oo
913:C 12 Dec 2024 09:23:39.267 # Redis version=6.0.16, bits=64, commit=00000000, modified=0, pid=913, just started
913:C 12 Dec 2024 09:23:39.267 # Configuration loaded
913:M 12 Dec 2024 09:23:39.268 * Increased maximum number of open files to 10032 (it was originally set to 1024).
913:M 12 Dec 2024 09:23:39.270 * Running mode=standalone, port=13000.
913:M 12 Dec 2024 09:23:39.270 # Server initialized
913:M 12 Dec 2024 09:23:39.273 * Ready to accept connections
898:C 14 Dec 2024 08:51:04.901 # oO0OoO0OoO0Oo Redis is starting oO0OoO0OoO0Oo
898:C 14 Dec 2024 08:51:04.901 # Redis version=6.0.16, bits=64, commit=00000000, modified=0, pid=898, just started
898:C 14 Dec 2024 08:51:04.901 # Configuration loaded
898:M 14 Dec 2024 08:51:04.905 * Increased maximum number of open files to 10032 (it was originally set to 1024).
898:M 14 Dec 2024 08:51:05.017 * Running mode=standalone, port=13000.
898:M 14 Dec 2024 08:51:05.018 # Server initialized
898:M 14 Dec 2024 08:51:05.019 * Ready to accept connections
901:C 14 Dec 2024 12:38:41.153 # oO0OoO0OoO0Oo Redis is starting oO0OoO0OoO0Oo
901:C 14 Dec 2024 12:38:41.153 # Redis version=6.0.16, bits=64, commit=00000000, modified=0, pid=901, just started
901:C 14 Dec 2024 12:38:41.153 # Configuration loaded
901:M 14 Dec 2024 12:38:41.161 * Increased maximum number of open files to 10032 (it was originally set to 1024).
901:M 14 Dec 2024 12:38:41.162 * Running mode=standalone, port=13000.
901:M 14 Dec 2024 12:38:41.162 # Server initialized
901:M 14 Dec 2024 12:38:41.163 * Ready to accept connections
918:C 14 Dec 2024 14:10:28.595 # oO0OoO0OoO0Oo Redis is starting oO0OoO0OoO0Oo
918:C 14 Dec 2024 14:10:28.595 # Redis version=6.0.16, bits=64, commit=00000000, modified=0, pid=918, just started
918:C 14 Dec 2024 14:10:28.595 # Configuration loaded
918:M 14 Dec 2024 14:10:28.602 * Increased maximum number of open files to 10032 (it was originally set to 1024).
918:M 14 Dec 2024 14:10:28.606 * Running mode=standalone, port=13000.
918:M 14 Dec 2024 14:10:28.607 # Server initialized
918:M 14 Dec 2024 14:10:28.608 * Ready to accept connections
931:C 14 Dec 2024 22:15:06.412 # oO0OoO0OoO0Oo Redis is starting oO0OoO0OoO0Oo
931:C 14 Dec 2024 22:15:06.412 # Redis version=6.0.16, bits=64, commit=00000000, modified=0, pid=931, just started
931:C 14 Dec 2024 22:15:06.412 # Configuration loaded
931:M 14 Dec 2024 22:15:06.414 * Increased maximum number of open files to 10032 (it was originally set to 1024).
931:M 14 Dec 2024 22:15:06.417 * Running mode=standalone, port=13000.
931:M 14 Dec 2024 22:15:06.417 # Server initialized
931:M 14 Dec 2024 22:15:06.417 * Ready to accept connections
923:C 15 Dec 2024 22:57:44.767 # oO0OoO0OoO0Oo Redis is starting oO0OoO0OoO0Oo
923:C 15 Dec 2024 22:57:44.767 # Redis version=6.0.16, bits=64, commit=00000000, modified=0, pid=923, just started
923:C 15 Dec 2024 22:57:44.767 # Configuration loaded
923:M 15 Dec 2024 22:57:44.769 * Increased maximum number of open files to 10032 (it was originally set to 1024).
923:M 15 Dec 2024 22:57:44.772 * Running mode=standalone, port=13000.
923:M 15 Dec 2024 22:57:44.772 # Server initialized
923:M 15 Dec 2024 22:57:44.773 * Ready to accept connections
887:C 16 Dec 2024 21:35:20.264 # oO0OoO0OoO0Oo Redis is starting oO0OoO0OoO0Oo
887:C 16 Dec 2024 21:35:20.264 # Redis version=6.0.16, bits=64, commit=00000000, modified=0, pid=887, just started
887:C 16 Dec 2024 21:35:20.264 # Configuration loaded
887:M 16 Dec 2024 21:35:20.265 * Increased maximum number of open files to 10032 (it was originally set to 1024).
887:M 16 Dec 2024 21:35:20.280 * Running mode=standalone, port=13000.
887:M 16 Dec 2024 21:35:20.280 # Server initialized
887:M 16 Dec 2024 21:35:20.280 * Ready to accept connections
939:C 20 Dec 2024 16:36:44.273 # oO0OoO0OoO0Oo Redis is starting oO0OoO0OoO0Oo
939:C 20 Dec 2024 16:36:44.273 # Redis version=6.0.16, bits=64, commit=00000000, modified=0, pid=939, just started
939:C 20 Dec 2024 16:36:44.273 # Configuration loaded
939:M 20 Dec 2024 16:36:44.275 * Increased maximum number of open files to 10032 (it was originally set to 1024).
939:M 20 Dec 2024 16:36:44.300 * Running mode=standalone, port=13000.
939:M 20 Dec 2024 16:36:44.300 # Server initialized
939:M 20 Dec 2024 16:36:44.301 * Ready to accept connections
891:C 21 Dec 2024 10:02:06.691 # oO0OoO0OoO0Oo Redis is starting oO0OoO0OoO0Oo
891:C 21 Dec 2024 10:02:06.691 # Redis version=6.0.16, bits=64, commit=00000000, modified=0, pid=891, just started
891:C 21 Dec 2024 10:02:06.691 # Configuration loaded
891:M 21 Dec 2024 10:02:06.694 * Increased maximum number of open files to 10032 (it was originally set to 1024).
891:M 21 Dec 2024 10:02:06.718 * Running mode=standalone, port=13000.
891:M 21 Dec 2024 10:02:06.718 # Server initialized
891:M 21 Dec 2024 10:02:06.718 * Ready to accept connections
889:C 21 Dec 2024 10:04:31.112 # oO0OoO0OoO0Oo Redis is starting oO0OoO0OoO0Oo
889:C 21 Dec 2024 10:04:31.112 # Redis version=6.0.16, bits=64, commit=00000000, modified=0, pid=889, just started
889:C 21 Dec 2024 10:04:31.112 # Configuration loaded
889:M 21 Dec 2024 10:04:31.113 * Increased maximum number of open files to 10032 (it was originally set to 1024).
889:M 21 Dec 2024 10:04:31.130 * Running mode=standalone, port=13000.
889:M 21 Dec 2024 10:04:31.130 # Server initialized
889:M 21 Dec 2024 10:04:31.131 * Ready to accept connections
889:C 28 Dec 2024 16:21:33.017 # oO0OoO0OoO0Oo Redis is starting oO0OoO0OoO0Oo
889:C 28 Dec 2024 16:21:33.017 # Redis version=6.0.16, bits=64, commit=00000000, modified=0, pid=889, just started
889:C 28 Dec 2024 16:21:33.017 # Configuration loaded
889:M 28 Dec 2024 16:21:33.018 * Increased maximum number of open files to 10032 (it was originally set to 1024).
889:M 28 Dec 2024 16:21:33.020 * Running mode=standalone, port=13000.
889:M 28 Dec 2024 16:21:33.020 # Server initialized
889:M 28 Dec 2024 16:21:33.021 * Ready to accept connections
911:C 28 Dec 2024 16:25:40.141 # oO0OoO0OoO0Oo Redis is starting oO0OoO0OoO0Oo
911:C 28 Dec 2024 16:25:40.141 # Redis version=6.0.16, bits=64, commit=00000000, modified=0, pid=911, just started
911:C 28 Dec 2024 16:25:40.141 # Configuration loaded
911:M 28 Dec 2024 16:25:40.142 * Increased maximum number of open files to 10032 (it was originally set to 1024).
911:M 28 Dec 2024 16:25:40.145 * Running mode=standalone, port=13000.
911:M 28 Dec 2024 16:25:40.145 # Server initialized
911:M 28 Dec 2024 16:25:40.146 * Ready to accept connections
1092:C 30 Dec 2024 12:27:05.104 # oO0OoO0OoO0Oo Redis is starting oO0OoO0OoO0Oo
1092:C 30 Dec 2024 12:27:05.104 # Redis version=6.0.16, bits=64, commit=00000000, modified=0, pid=1092, just started
1092:C 30 Dec 2024 12:27:05.104 # Configuration loaded
1092:M 30 Dec 2024 12:27:05.105 * Increased maximum number of open files to 10032 (it was originally set to 1024).
1092:M 30 Dec 2024 12:27:05.111 * Running mode=standalone, port=13000.
1092:M 30 Dec 2024 12:27:05.112 # Server initialized
1092:M 30 Dec 2024 12:27:05.113 * Ready to accept connections
1092:signal-handler (1735554607) Received SIGTERM scheduling shutdown...
1092:M 30 Dec 2024 12:30:07.829 # User requested shutdown...
1092:M 30 Dec 2024 12:30:07.829 * Removing the pid file.
1092:M 30 Dec 2024 12:30:07.836 # Redis is now ready to exit, bye bye...
1447:C 30 Dec 2024 12:55:01.494 # oO0OoO0OoO0Oo Redis is starting oO0OoO0OoO0Oo
1447:C 30 Dec 2024 12:55:01.494 # Redis version=6.0.16, bits=64, commit=00000000, modified=0, pid=1447, just started
1447:C 30 Dec 2024 12:55:01.494 # Configuration loaded
1447:M 30 Dec 2024 12:55:01.496 * Increased maximum number of open files to 10032 (it was originally set to 1024).
1447:M 30 Dec 2024 12:55:01.498 * Running mode=standalone, port=13000.
1447:M 30 Dec 2024 12:55:01.498 # Server initialized
1447:M 30 Dec 2024 12:55:01.498 * Ready to accept connections
