Exception in thread Thread-1:
Traceback (most recent call last):
  File "/usr/lib/python3.10/threading.py", line 1016, in _bootstrap_inner
    self.run()
  File "/home/frappe/frappe-bench-15/env/lib/python3.10/site-packages/redis/client.py", line 1799, in run
    pubsub.get_message(ignore_subscribe_messages=True, timeout=sleep_time)
  File "/home/frappe/frappe-bench-15/env/lib/python3.10/site-packages/redis/client.py", line 1690, in get_message
    response = self.parse_response(block=(timeout is None), timeout=timeout)
  File "/home/frappe/frappe-bench-15/env/lib/python3.10/site-packages/redis/client.py", line 1542, in parse_response
    response = self._execute(conn, try_read)
  File "/home/frappe/frappe-bench-15/env/lib/python3.10/site-packages/redis/client.py", line 1518, in _execute
Traceback (most recent call last):
  File "/home/frappe/frappe-bench-15/env/lib/python3.10/site-packages/redis/connection.py", line 699, in connect
    return conn.retry.call_with_retry(
  File "/home/frappe/frappe-bench-15/env/lib/python3.10/site-packages/redis/retry.py", line 49, in call_with_retry
    fail(error)
  File "/home/frappe/frappe-bench-15/env/lib/python3.10/site-packages/redis/client.py", line 1520, in <lambda>
    lambda error: self._disconnect_raise_connect(conn, error),
  File "/home/frappe/frappe-bench-15/env/lib/python3.10/site-packages/redis/client.py", line 1507, in _disconnect_raise_connect
    sock = self.retry.call_with_retry(
  File "/home/frappe/frappe-bench-15/env/lib/python3.10/site-packages/redis/retry.py", line 46, in call_with_retry
    return do()
  File "/home/frappe/frappe-bench-15/env/lib/python3.10/site-packages/redis/connection.py", line 700, in <lambda>
    raise error
  File "/home/frappe/frappe-bench-15/env/lib/python3.10/site-packages/redis/retry.py", line 46, in call_with_retry
    return do()
  File "/home/frappe/frappe-bench-15/env/lib/python3.10/site-packages/redis/client.py", line 1519, in <lambda>
    lambda: command(*args, **kwargs),
  File "/home/frappe/frappe-bench-15/env/lib/python3.10/site-packages/redis/client.py", line 1536, in try_read
        lambda: self._connect(), lambda error: self.disconnect(error)
  File "/home/frappe/frappe-bench-15/env/lib/python3.10/site-packages/redis/connection.py", line 1002, in _connect
    raise err
  File "/home/frappe/frappe-bench-15/env/lib/python3.10/site-packages/redis/connection.py", line 990, in _connect
    sock.connect(socket_address)
ConnectionRefusedError: [Errno 111] Connection refused

During handling of the above exception, another exception occurred:

Traceback (most recent call last):
  File "/usr/lib/python3.10/runpy.py", line 196, in _run_module_as_main
    return _run_code(code, main_globals, None,
  File "/usr/lib/python3.10/runpy.py", line 86, in _run_code
    exec(code, run_globals)
  File "/home/frappe/frappe-bench-15/apps/frappe/frappe/utils/bench_helper.py", line 114, in <module>
    main()
  File "/home/frappe/frappe-bench-15/apps/frappe/frappe/utils/bench_helper.py", line 20, in main
    click.Group(commands=commands)(prog_name="bench")
  File "/home/frappe/frappe-bench-15/env/lib/python3.10/site-packages/click/core.py", line 1157, in __call__
if not conn.can_read(timeout=timeout):
  File "/home/frappe/frappe-bench-15/env/lib/python3.10/site-packages/redis/connection.py", line 861, in can_read
    return self._parser.can_read(timeout)
    return self.main(*args, **kwargs)
  File "/home/frappe/frappe-bench-15/env/lib/python3.10/site-packages/click/core.py", line 1078, in main
    rv = self.invoke(ctx)
  File "/home/frappe/frappe-bench-15/env/lib/python3.10/site-packages/click/core.py", line 1688, in invoke
    return _process_result(sub_ctx.command.invoke(sub_ctx))
  File "/home/frappe/frappe-bench-15/env/lib/python3.10/site-packages/click/core.py", line 1688, in invoke
    return _process_result(sub_ctx.command.invoke(sub_ctx))
  File "/home/frappe/frappe-bench-15/env/lib/python3.10/site-packages/click/core.py", line 1434, in invoke
    return ctx.invoke(self.callback, **ctx.params)
  File "/home/frappe/frappe-bench-15/env/lib/python3.10/site-packages/click/core.py", line 783, in invoke
  File "/home/frappe/frappe-bench-15/env/lib/python3.10/site-packages/redis/connection.py", line 444, in can_read
    return self.read_from_socket(timeout=timeout, raise_on_timeout=False)
  File "/home/frappe/frappe-bench-15/env/lib/python3.10/site-packages/redis/connection.py", line 455, in read_from_socket
    raise ConnectionError(SERVER_CLOSED_CONNECTION_ERROR)
redis.exceptions.ConnectionError: Connection closed by server.
    return __callback(*args, **kwargs)
  File "/home/frappe/frappe-bench-15/apps/frappe/frappe/commands/scheduler.py", line 202, in start_worker
    start_worker(
  File "/home/frappe/frappe-bench-15/apps/frappe/frappe/utils/background_jobs.py", line 297, in start_worker
    worker.work(
  File "/home/frappe/frappe-bench-15/env/lib/python3.10/site-packages/rq/worker.py", line 456, in work
    self.teardown()
  File "/home/frappe/frappe-bench-15/env/lib/python3.10/site-packages/rq/worker.py", line 1046, in teardown
    self.register_death()
  File "/home/frappe/frappe-bench-15/env/lib/python3.10/site-packages/rq/worker.py", line 832, in register_death
    p.execute()
  File "/home/frappe/frappe-bench-15/env/lib/python3.10/site-packages/redis/client.py", line 2114, in execute
    conn = self.connection_pool.get_connection("MULTI", self.shard_hint)
  File "/home/frappe/frappe-bench-15/env/lib/python3.10/site-packages/redis/connection.py", line 1457, in get_connection
    connection.connect()
  File "/home/frappe/frappe-bench-15/env/lib/python3.10/site-packages/redis/connection.py", line 705, in connect
    raise ConnectionError(self._error_message(e))
redis.exceptions.ConnectionError: Error 111 connecting to 127.0.0.1:11000. Connection refused.
Exception in thread Thread-1:
Traceback (most recent call last):
  File "/usr/lib/python3.10/threading.py", line 1016, in _bootstrap_inner
    self.run()
  File "/home/frappe/frappe-bench-15/env/lib/python3.10/site-packages/redis/client.py", line 1799, in run
    pubsub.get_message(ignore_subscribe_messages=True, timeout=sleep_time)
  File "/home/frappe/frappe-bench-15/env/lib/python3.10/site-packages/redis/client.py", line 1690, in get_message
    response = self.parse_response(block=(timeout is None), timeout=timeout)
  File "/home/frappe/frappe-bench-15/env/lib/python3.10/site-packages/redis/client.py", line 1542, in parse_response
    response = self._execute(conn, try_read)
  File "/home/frappe/frappe-bench-15/env/lib/python3.10/site-packages/redis/client.py", line 1518, in _execute
    return conn.retry.call_with_retry(
  File "/home/frappe/frappe-bench-15/env/lib/python3.10/site-packages/redis/retry.py", line 49, in call_with_retry
    fail(error)
  File "/home/frappe/frappe-bench-15/env/lib/python3.10/site-packages/redis/client.py", line 1520, in <lambda>
    lambda error: self._disconnect_raise_connect(conn, error),
  File "/home/frappe/frappe-bench-15/env/lib/python3.10/site-packages/redis/client.py", line 1507, in _disconnect_raise_connect
    raise error
  File "/home/frappe/frappe-bench-15/env/lib/python3.10/site-packages/redis/retry.py", line 46, in call_with_retry
    return do()
  File "/home/frappe/frappe-bench-15/env/lib/python3.10/site-packages/redis/client.py", line 1519, in <lambda>
    lambda: command(*args, **kwargs),
  File "/home/frappe/frappe-bench-15/env/lib/python3.10/site-packages/redis/client.py", line 1536, in try_read
    if not conn.can_read(timeout=timeout):
  File "/home/frappe/frappe-bench-15/env/lib/python3.10/site-packages/redis/connection.py", line 861, in can_read
    return self._parser.can_read(timeout)
  File "/home/frappe/frappe-bench-15/env/lib/python3.10/site-packages/redis/connection.py", line 444, in can_read
    return self.read_from_socket(timeout=timeout, raise_on_timeout=False)
  File "/home/frappe/frappe-bench-15/env/lib/python3.10/site-packages/redis/connection.py", line 455, in read_from_socket
    raise ConnectionError(SERVER_CLOSED_CONNECTION_ERROR)
redis.exceptions.ConnectionError: Connection closed by server.
Traceback (most recent call last):
  File "/home/frappe/frappe-bench-15/env/lib/python3.10/site-packages/redis/connection.py", line 699, in connect
    sock = self.retry.call_with_retry(
  File "/home/frappe/frappe-bench-15/env/lib/python3.10/site-packages/redis/retry.py", line 46, in call_with_retry
    return do()
  File "/home/frappe/frappe-bench-15/env/lib/python3.10/site-packages/redis/connection.py", line 700, in <lambda>
    lambda: self._connect(), lambda error: self.disconnect(error)
  File "/home/frappe/frappe-bench-15/env/lib/python3.10/site-packages/redis/connection.py", line 1002, in _connect
    raise err
  File "/home/frappe/frappe-bench-15/env/lib/python3.10/site-packages/redis/connection.py", line 990, in _connect
    sock.connect(socket_address)
ConnectionRefusedError: [Errno 111] Connection refused

During handling of the above exception, another exception occurred:

Traceback (most recent call last):
  File "/usr/lib/python3.10/runpy.py", line 196, in _run_module_as_main
    return _run_code(code, main_globals, None,
  File "/usr/lib/python3.10/runpy.py", line 86, in _run_code
    exec(code, run_globals)
  File "/home/frappe/frappe-bench-15/apps/frappe/frappe/utils/bench_helper.py", line 114, in <module>
    main()
  File "/home/frappe/frappe-bench-15/apps/frappe/frappe/utils/bench_helper.py", line 20, in main
    click.Group(commands=commands)(prog_name="bench")
  File "/home/frappe/frappe-bench-15/env/lib/python3.10/site-packages/click/core.py", line 1157, in __call__
    return self.main(*args, **kwargs)
  File "/home/frappe/frappe-bench-15/env/lib/python3.10/site-packages/click/core.py", line 1078, in main
    rv = self.invoke(ctx)
  File "/home/frappe/frappe-bench-15/env/lib/python3.10/site-packages/click/core.py", line 1688, in invoke
    return _process_result(sub_ctx.command.invoke(sub_ctx))
  File "/home/frappe/frappe-bench-15/env/lib/python3.10/site-packages/click/core.py", line 1688, in invoke
    return _process_result(sub_ctx.command.invoke(sub_ctx))
  File "/home/frappe/frappe-bench-15/env/lib/python3.10/site-packages/click/core.py", line 1434, in invoke
    return ctx.invoke(self.callback, **ctx.params)
  File "/home/frappe/frappe-bench-15/env/lib/python3.10/site-packages/click/core.py", line 783, in invoke
    return __callback(*args, **kwargs)
  File "/home/frappe/frappe-bench-15/apps/frappe/frappe/commands/scheduler.py", line 202, in start_worker
    start_worker(
  File "/home/frappe/frappe-bench-15/apps/frappe/frappe/utils/background_jobs.py", line 297, in start_worker
    worker.work(
  File "/home/frappe/frappe-bench-15/env/lib/python3.10/site-packages/rq/worker.py", line 456, in work
    self.teardown()
  File "/home/frappe/frappe-bench-15/env/lib/python3.10/site-packages/rq/worker.py", line 1047, in teardown
    self.unsubscribe()
  File "/home/frappe/frappe-bench-15/env/lib/python3.10/site-packages/rq/worker.py", line 624, in unsubscribe
    self.pubsub.unsubscribe()
  File "/home/frappe/frappe-bench-15/env/lib/python3.10/site-packages/redis/client.py", line 1659, in unsubscribe
    return self.execute_command("UNSUBSCRIBE", *args)
  File "/home/frappe/frappe-bench-15/env/lib/python3.10/site-packages/redis/client.py", line 1479, in execute_command
    self._execute(connection, connection.send_command, *args, **kwargs)
  File "/home/frappe/frappe-bench-15/env/lib/python3.10/site-packages/redis/client.py", line 1518, in _execute
    return conn.retry.call_with_retry(
  File "/home/frappe/frappe-bench-15/env/lib/python3.10/site-packages/redis/retry.py", line 49, in call_with_retry
    fail(error)
  File "/home/frappe/frappe-bench-15/env/lib/python3.10/site-packages/redis/client.py", line 1520, in <lambda>
    lambda error: self._disconnect_raise_connect(conn, error),
  File "/home/frappe/frappe-bench-15/env/lib/python3.10/site-packages/redis/client.py", line 1507, in _disconnect_raise_connect
    raise error
  File "/home/frappe/frappe-bench-15/env/lib/python3.10/site-packages/redis/retry.py", line 46, in call_with_retry
    return do()
  File "/home/frappe/frappe-bench-15/env/lib/python3.10/site-packages/redis/client.py", line 1519, in <lambda>
    lambda: command(*args, **kwargs),
  File "/home/frappe/frappe-bench-15/env/lib/python3.10/site-packages/redis/connection.py", line 847, in send_command
    self.send_packed_command(
  File "/home/frappe/frappe-bench-15/env/lib/python3.10/site-packages/redis/connection.py", line 817, in send_packed_command
    self.connect()
  File "/home/frappe/frappe-bench-15/env/lib/python3.10/site-packages/redis/connection.py", line 705, in connect
    raise ConnectionError(self._error_message(e))
redis.exceptions.ConnectionError: Error 111 connecting to 127.0.0.1:11000. Connection refused.
/home/frappe/frappe-bench-15/env/lib/python3.10/site-packages/rq/connections.py:58: DeprecationWarning: The `push_connection` function is deprecated. Pass the `connection` explicitly instead.
  warnings.warn(
/home/frappe/frappe-bench-15/env/lib/python3.10/site-packages/rq/connections.py:72: DeprecationWarning: The `pop_connection` function is deprecated. Pass the `connection` explicitly instead.
  warnings.warn(
Exception in thread Thread-1:
Traceback (most recent call last):
  File "/usr/lib/python3.10/threading.py", line 1016, in _bootstrap_inner
    self.run()
  File "/home/frappe/frappe-bench-15/env/lib/python3.10/site-packages/redis/client.py", line 1799, in run
    pubsub.get_message(ignore_subscribe_messages=True, timeout=sleep_time)
  File "/home/frappe/frappe-bench-15/env/lib/python3.10/site-packages/redis/client.py", line 1690, in get_message
    response = self.parse_response(block=(timeout is None), timeout=timeout)
  File "/home/frappe/frappe-bench-15/env/lib/python3.10/site-packages/redis/client.py", line 1542, in parse_response
    response = self._execute(conn, try_read)
  File "/home/frappe/frappe-bench-15/env/lib/python3.10/site-packages/redis/client.py", line 1518, in _execute
    return conn.retry.call_with_retry(
  File "/home/frappe/frappe-bench-15/env/lib/python3.10/site-packages/redis/retry.py", line 49, in call_with_retry
    fail(error)
  File "/home/frappe/frappe-bench-15/env/lib/python3.10/site-packages/redis/client.py", line 1520, in <lambda>
    lambda error: self._disconnect_raise_connect(conn, error),
  File "/home/frappe/frappe-bench-15/env/lib/python3.10/site-packages/redis/client.py", line 1507, in _disconnect_raise_connect
    raise error
  File "/home/frappe/frappe-bench-15/env/lib/python3.10/site-packages/redis/retry.py", line 46, in call_with_retry
    return do()
  File "/home/frappe/frappe-bench-15/env/lib/python3.10/site-packages/redis/client.py", line 1519, in <lambda>
    lambda: command(*args, **kwargs),
  File "/home/frappe/frappe-bench-15/env/lib/python3.10/site-packages/redis/client.py", line 1536, in try_read
    if not conn.can_read(timeout=timeout):
  File "/home/frappe/frappe-bench-15/env/lib/python3.10/site-packages/redis/connection.py", line 861, in can_read
    return self._parser.can_read(timeout)
  File "/home/frappe/frappe-bench-15/env/lib/python3.10/site-packages/redis/connection.py", line 444, in can_read
    return self.read_from_socket(timeout=timeout, raise_on_timeout=False)
  File "/home/frappe/frappe-bench-15/env/lib/python3.10/site-packages/redis/connection.py", line 455, in read_from_socket
    raise ConnectionError(SERVER_CLOSED_CONNECTION_ERROR)
redis.exceptions.ConnectionError: Connection closed by server.
Traceback (most recent call last):
  File "/home/frappe/frappe-bench-15/env/lib/python3.10/site-packages/redis/connection.py", line 699, in connect
    sock = self.retry.call_with_retry(
  File "/home/frappe/frappe-bench-15/env/lib/python3.10/site-packages/redis/retry.py", line 46, in call_with_retry
    return do()
  File "/home/frappe/frappe-bench-15/env/lib/python3.10/site-packages/redis/connection.py", line 700, in <lambda>
    lambda: self._connect(), lambda error: self.disconnect(error)
  File "/home/frappe/frappe-bench-15/env/lib/python3.10/site-packages/redis/connection.py", line 1002, in _connect
    raise err
  File "/home/frappe/frappe-bench-15/env/lib/python3.10/site-packages/redis/connection.py", line 990, in _connect
    sock.connect(socket_address)
ConnectionRefusedError: [Errno 111] Connection refused

During handling of the above exception, another exception occurred:

Traceback (most recent call last):
  File "/usr/lib/python3.10/runpy.py", line 196, in _run_module_as_main
    return _run_code(code, main_globals, None,
  File "/usr/lib/python3.10/runpy.py", line 86, in _run_code
    exec(code, run_globals)
  File "/home/frappe/frappe-bench-15/apps/frappe/frappe/utils/bench_helper.py", line 114, in <module>
    main()
  File "/home/frappe/frappe-bench-15/apps/frappe/frappe/utils/bench_helper.py", line 20, in main
    click.Group(commands=commands)(prog_name="bench")
  File "/home/frappe/frappe-bench-15/env/lib/python3.10/site-packages/click/core.py", line 1157, in __call__
    return self.main(*args, **kwargs)
  File "/home/frappe/frappe-bench-15/env/lib/python3.10/site-packages/click/core.py", line 1078, in main
    rv = self.invoke(ctx)
  File "/home/frappe/frappe-bench-15/env/lib/python3.10/site-packages/click/core.py", line 1688, in invoke
    return _process_result(sub_ctx.command.invoke(sub_ctx))
  File "/home/frappe/frappe-bench-15/env/lib/python3.10/site-packages/click/core.py", line 1688, in invoke
    return _process_result(sub_ctx.command.invoke(sub_ctx))
  File "/home/frappe/frappe-bench-15/env/lib/python3.10/site-packages/click/core.py", line 1434, in invoke
    return ctx.invoke(self.callback, **ctx.params)
  File "/home/frappe/frappe-bench-15/env/lib/python3.10/site-packages/click/core.py", line 783, in invoke
    return __callback(*args, **kwargs)
  File "/home/frappe/frappe-bench-15/apps/frappe/frappe/commands/scheduler.py", line 202, in start_worker
    start_worker(
  File "/home/frappe/frappe-bench-15/apps/frappe/frappe/utils/background_jobs.py", line 297, in start_worker
    worker.work(
  File "/home/frappe/frappe-bench-15/env/lib/python3.10/site-packages/rq/worker.py", line 456, in work
    self.teardown()
  File "/home/frappe/frappe-bench-15/env/lib/python3.10/site-packages/rq/worker.py", line 1047, in teardown
    self.unsubscribe()
  File "/home/frappe/frappe-bench-15/env/lib/python3.10/site-packages/rq/worker.py", line 624, in unsubscribe
    self.pubsub.unsubscribe()
  File "/home/frappe/frappe-bench-15/env/lib/python3.10/site-packages/redis/client.py", line 1659, in unsubscribe
    return self.execute_command("UNSUBSCRIBE", *args)
  File "/home/frappe/frappe-bench-15/env/lib/python3.10/site-packages/redis/client.py", line 1479, in execute_command
    self._execute(connection, connection.send_command, *args, **kwargs)
  File "/home/frappe/frappe-bench-15/env/lib/python3.10/site-packages/redis/client.py", line 1518, in _execute
    return conn.retry.call_with_retry(
  File "/home/frappe/frappe-bench-15/env/lib/python3.10/site-packages/redis/retry.py", line 49, in call_with_retry
    fail(error)
  File "/home/frappe/frappe-bench-15/env/lib/python3.10/site-packages/redis/client.py", line 1520, in <lambda>
    lambda error: self._disconnect_raise_connect(conn, error),
  File "/home/frappe/frappe-bench-15/env/lib/python3.10/site-packages/redis/client.py", line 1507, in _disconnect_raise_connect
    raise error
  File "/home/frappe/frappe-bench-15/env/lib/python3.10/site-packages/redis/retry.py", line 46, in call_with_retry
    return do()
  File "/home/frappe/frappe-bench-15/env/lib/python3.10/site-packages/redis/client.py", line 1519, in <lambda>
    lambda: command(*args, **kwargs),
  File "/home/frappe/frappe-bench-15/env/lib/python3.10/site-packages/redis/connection.py", line 847, in send_command
    self.send_packed_command(
  File "/home/frappe/frappe-bench-15/env/lib/python3.10/site-packages/redis/connection.py", line 817, in send_packed_command
    self.connect()
  File "/home/frappe/frappe-bench-15/env/lib/python3.10/site-packages/redis/connection.py", line 705, in connect
    raise ConnectionError(self._error_message(e))
redis.exceptions.ConnectionError: Error 111 connecting to 127.0.0.1:11000. Connection refused.
/home/frappe/frappe-bench-15/env/lib/python3.10/site-packages/rq/connections.py:58: DeprecationWarning: The `push_connection` function is deprecated. Pass the `connection` explicitly instead.
  warnings.warn(
Exception in thread Thread-1:
Traceback (most recent call last):
  File "/usr/lib/python3.10/threading.py", line 1016, in _bootstrap_inner
    self.run()
  File "/home/frappe/frappe-bench-15/env/lib/python3.10/site-packages/redis/client.py", line 1799, in run
    pubsub.get_message(ignore_subscribe_messages=True, timeout=sleep_time)
  File "/home/frappe/frappe-bench-15/env/lib/python3.10/site-packages/redis/client.py", line 1690, in get_message
    response = self.parse_response(block=(timeout is None), timeout=timeout)
  File "/home/frappe/frappe-bench-15/env/lib/python3.10/site-packages/redis/client.py", line 1542, in parse_response
    response = self._execute(conn, try_read)
  File "/home/frappe/frappe-bench-15/env/lib/python3.10/site-packages/redis/client.py", line 1518, in _execute
    return conn.retry.call_with_retry(
  File "/home/frappe/frappe-bench-15/env/lib/python3.10/site-packages/redis/retry.py", line 49, in call_with_retry
    fail(error)
  File "/home/frappe/frappe-bench-15/env/lib/python3.10/site-packages/redis/client.py", line 1520, in <lambda>
    lambda error: self._disconnect_raise_connect(conn, error),
  File "/home/frappe/frappe-bench-15/env/lib/python3.10/site-packages/redis/client.py", line 1507, in _disconnect_raise_connect
    raise error
  File "/home/frappe/frappe-bench-15/env/lib/python3.10/site-packages/redis/retry.py", line 46, in call_with_retry
    return do()
  File "/home/frappe/frappe-bench-15/env/lib/python3.10/site-packages/redis/client.py", line 1519, in <lambda>
    lambda: command(*args, **kwargs),
  File "/home/frappe/frappe-bench-15/env/lib/python3.10/site-packages/redis/client.py", line 1536, in try_read
    if not conn.can_read(timeout=timeout):
  File "/home/frappe/frappe-bench-15/env/lib/python3.10/site-packages/redis/connection.py", line 861, in can_read
    return self._parser.can_read(timeout)
  File "/home/frappe/frappe-bench-15/env/lib/python3.10/site-packages/redis/connection.py", line 444, in can_read
    return self.read_from_socket(timeout=timeout, raise_on_timeout=False)
  File "/home/frappe/frappe-bench-15/env/lib/python3.10/site-packages/redis/connection.py", line 455, in read_from_socket
    raise ConnectionError(SERVER_CLOSED_CONNECTION_ERROR)
redis.exceptions.ConnectionError: Connection closed by server.
/home/frappe/frappe-bench-15/env/lib/python3.10/site-packages/rq/connections.py:72: DeprecationWarning: The `pop_connection` function is deprecated. Pass the `connection` explicitly instead.
  warnings.warn(
Traceback (most recent call last):
  File "/home/frappe/frappe-bench-15/env/lib/python3.10/site-packages/redis/connection.py", line 699, in connect
    sock = self.retry.call_with_retry(
  File "/home/frappe/frappe-bench-15/env/lib/python3.10/site-packages/redis/retry.py", line 46, in call_with_retry
    return do()
  File "/home/frappe/frappe-bench-15/env/lib/python3.10/site-packages/redis/connection.py", line 700, in <lambda>
    lambda: self._connect(), lambda error: self.disconnect(error)
  File "/home/frappe/frappe-bench-15/env/lib/python3.10/site-packages/redis/connection.py", line 1002, in _connect
    raise err
  File "/home/frappe/frappe-bench-15/env/lib/python3.10/site-packages/redis/connection.py", line 990, in _connect
    sock.connect(socket_address)
ConnectionRefusedError: [Errno 111] Connection refused

During handling of the above exception, another exception occurred:

Traceback (most recent call last):
  File "/usr/lib/python3.10/runpy.py", line 196, in _run_module_as_main
    return _run_code(code, main_globals, None,
  File "/usr/lib/python3.10/runpy.py", line 86, in _run_code
    exec(code, run_globals)
  File "/home/frappe/frappe-bench-15/apps/frappe/frappe/utils/bench_helper.py", line 114, in <module>
    main()
  File "/home/frappe/frappe-bench-15/apps/frappe/frappe/utils/bench_helper.py", line 20, in main
    click.Group(commands=commands)(prog_name="bench")
  File "/home/frappe/frappe-bench-15/env/lib/python3.10/site-packages/click/core.py", line 1157, in __call__
    return self.main(*args, **kwargs)
  File "/home/frappe/frappe-bench-15/env/lib/python3.10/site-packages/click/core.py", line 1078, in main
    rv = self.invoke(ctx)
  File "/home/frappe/frappe-bench-15/env/lib/python3.10/site-packages/click/core.py", line 1688, in invoke
    return _process_result(sub_ctx.command.invoke(sub_ctx))
  File "/home/frappe/frappe-bench-15/env/lib/python3.10/site-packages/click/core.py", line 1688, in invoke
    return _process_result(sub_ctx.command.invoke(sub_ctx))
  File "/home/frappe/frappe-bench-15/env/lib/python3.10/site-packages/click/core.py", line 1434, in invoke
    return ctx.invoke(self.callback, **ctx.params)
  File "/home/frappe/frappe-bench-15/env/lib/python3.10/site-packages/click/core.py", line 783, in invoke
    return __callback(*args, **kwargs)
  File "/home/frappe/frappe-bench-15/apps/frappe/frappe/commands/scheduler.py", line 202, in start_worker
    start_worker(
  File "/home/frappe/frappe-bench-15/apps/frappe/frappe/utils/background_jobs.py", line 297, in start_worker
    worker.work(
  File "/home/frappe/frappe-bench-15/env/lib/python3.10/site-packages/rq/worker.py", line 456, in work
    self.teardown()
  File "/home/frappe/frappe-bench-15/env/lib/python3.10/site-packages/rq/worker.py", line 1047, in teardown
    self.unsubscribe()
  File "/home/frappe/frappe-bench-15/env/lib/python3.10/site-packages/rq/worker.py", line 624, in unsubscribe
    self.pubsub.unsubscribe()
  File "/home/frappe/frappe-bench-15/env/lib/python3.10/site-packages/redis/client.py", line 1659, in unsubscribe
    return self.execute_command("UNSUBSCRIBE", *args)
  File "/home/frappe/frappe-bench-15/env/lib/python3.10/site-packages/redis/client.py", line 1469, in execute_command
    self.connection = self.connection_pool.get_connection(
  File "/home/frappe/frappe-bench-15/env/lib/python3.10/site-packages/redis/connection.py", line 1457, in get_connection
    connection.connect()
  File "/home/frappe/frappe-bench-15/env/lib/python3.10/site-packages/redis/connection.py", line 705, in connect
    raise ConnectionError(self._error_message(e))
redis.exceptions.ConnectionError: Error 111 connecting to 127.0.0.1:11000. Connection refused.
Exception in thread Thread-1:
Traceback (most recent call last):
  File "/usr/lib/python3.10/threading.py", line 1016, in _bootstrap_inner
    self.run()
  File "/home/frappe/frappe-bench-15/env/lib/python3.10/site-packages/redis/client.py", line 1799, in run
    pubsub.get_message(ignore_subscribe_messages=True, timeout=sleep_time)
  File "/home/frappe/frappe-bench-15/env/lib/python3.10/site-packages/redis/client.py", line 1690, in get_message
    response = self.parse_response(block=(timeout is None), timeout=timeout)
  File "/home/frappe/frappe-bench-15/env/lib/python3.10/site-packages/redis/client.py", line 1542, in parse_response
    response = self._execute(conn, try_read)
  File "/home/frappe/frappe-bench-15/env/lib/python3.10/site-packages/redis/client.py", line 1518, in _execute
    return conn.retry.call_with_retry(
  File "/home/frappe/frappe-bench-15/env/lib/python3.10/site-packages/redis/retry.py", line 49, in call_with_retry
    fail(error)
  File "/home/frappe/frappe-bench-15/env/lib/python3.10/site-packages/redis/client.py", line 1520, in <lambda>
    lambda error: self._disconnect_raise_connect(conn, error),
  File "/home/frappe/frappe-bench-15/env/lib/python3.10/site-packages/redis/client.py", line 1507, in _disconnect_raise_connect
    raise error
  File "/home/frappe/frappe-bench-15/env/lib/python3.10/site-packages/redis/retry.py", line 46, in call_with_retry
    return do()
  File "/home/frappe/frappe-bench-15/env/lib/python3.10/site-packages/redis/client.py", line 1519, in <lambda>
    lambda: command(*args, **kwargs),
  File "/home/frappe/frappe-bench-15/env/lib/python3.10/site-packages/redis/client.py", line 1536, in try_read
    if not conn.can_read(timeout=timeout):
  File "/home/frappe/frappe-bench-15/env/lib/python3.10/site-packages/redis/connection.py", line 861, in can_read
    return self._parser.can_read(timeout)
  File "/home/frappe/frappe-bench-15/env/lib/python3.10/site-packages/redis/connection.py", line 444, in can_read
    return self.read_from_socket(timeout=timeout, raise_on_timeout=False)
  File "/home/frappe/frappe-bench-15/env/lib/python3.10/site-packages/redis/connection.py", line 455, in read_from_socket
    raise ConnectionError(SERVER_CLOSED_CONNECTION_ERROR)
redis.exceptions.ConnectionError: Connection closed by server.
Traceback (most recent call last):
  File "/home/frappe/frappe-bench-15/env/lib/python3.10/site-packages/redis/connection.py", line 699, in connect
    sock = self.retry.call_with_retry(
  File "/home/frappe/frappe-bench-15/env/lib/python3.10/site-packages/redis/retry.py", line 46, in call_with_retry
    return do()
  File "/home/frappe/frappe-bench-15/env/lib/python3.10/site-packages/redis/connection.py", line 700, in <lambda>
    lambda: self._connect(), lambda error: self.disconnect(error)
  File "/home/frappe/frappe-bench-15/env/lib/python3.10/site-packages/redis/connection.py", line 1002, in _connect
    raise err
  File "/home/frappe/frappe-bench-15/env/lib/python3.10/site-packages/redis/connection.py", line 990, in _connect
    sock.connect(socket_address)
ConnectionRefusedError: [Errno 111] Connection refused

During handling of the above exception, another exception occurred:

Traceback (most recent call last):
  File "/usr/lib/python3.10/runpy.py", line 196, in _run_module_as_main
    return _run_code(code, main_globals, None,
  File "/usr/lib/python3.10/runpy.py", line 86, in _run_code
    exec(code, run_globals)
  File "/home/frappe/frappe-bench-15/apps/frappe/frappe/utils/bench_helper.py", line 114, in <module>
    main()
  File "/home/frappe/frappe-bench-15/apps/frappe/frappe/utils/bench_helper.py", line 20, in main
    click.Group(commands=commands)(prog_name="bench")
  File "/home/frappe/frappe-bench-15/env/lib/python3.10/site-packages/click/core.py", line 1157, in __call__
    return self.main(*args, **kwargs)
  File "/home/frappe/frappe-bench-15/env/lib/python3.10/site-packages/click/core.py", line 1078, in main
    rv = self.invoke(ctx)
  File "/home/frappe/frappe-bench-15/env/lib/python3.10/site-packages/click/core.py", line 1688, in invoke
    return _process_result(sub_ctx.command.invoke(sub_ctx))
  File "/home/frappe/frappe-bench-15/env/lib/python3.10/site-packages/click/core.py", line 1688, in invoke
    return _process_result(sub_ctx.command.invoke(sub_ctx))
  File "/home/frappe/frappe-bench-15/env/lib/python3.10/site-packages/click/core.py", line 1434, in invoke
    return ctx.invoke(self.callback, **ctx.params)
  File "/home/frappe/frappe-bench-15/env/lib/python3.10/site-packages/click/core.py", line 783, in invoke
    return __callback(*args, **kwargs)
  File "/home/frappe/frappe-bench-15/apps/frappe/frappe/commands/scheduler.py", line 202, in start_worker
    start_worker(
  File "/home/frappe/frappe-bench-15/apps/frappe/frappe/utils/background_jobs.py", line 297, in start_worker
    worker.work(
  File "/home/frappe/frappe-bench-15/env/lib/python3.10/site-packages/rq/worker.py", line 456, in work
    self.teardown()
  File "/home/frappe/frappe-bench-15/env/lib/python3.10/site-packages/rq/worker.py", line 1047, in teardown
    self.unsubscribe()
  File "/home/frappe/frappe-bench-15/env/lib/python3.10/site-packages/rq/worker.py", line 624, in unsubscribe
    self.pubsub.unsubscribe()
  File "/home/frappe/frappe-bench-15/env/lib/python3.10/site-packages/redis/client.py", line 1659, in unsubscribe
    return self.execute_command("UNSUBSCRIBE", *args)
  File "/home/frappe/frappe-bench-15/env/lib/python3.10/site-packages/redis/client.py", line 1479, in execute_command
    self._execute(connection, connection.send_command, *args, **kwargs)
  File "/home/frappe/frappe-bench-15/env/lib/python3.10/site-packages/redis/client.py", line 1518, in _execute
    return conn.retry.call_with_retry(
  File "/home/frappe/frappe-bench-15/env/lib/python3.10/site-packages/redis/retry.py", line 49, in call_with_retry
    fail(error)
  File "/home/frappe/frappe-bench-15/env/lib/python3.10/site-packages/redis/client.py", line 1520, in <lambda>
    lambda error: self._disconnect_raise_connect(conn, error),
  File "/home/frappe/frappe-bench-15/env/lib/python3.10/site-packages/redis/client.py", line 1507, in _disconnect_raise_connect
    raise error
  File "/home/frappe/frappe-bench-15/env/lib/python3.10/site-packages/redis/retry.py", line 46, in call_with_retry
    return do()
  File "/home/frappe/frappe-bench-15/env/lib/python3.10/site-packages/redis/client.py", line 1519, in <lambda>
    lambda: command(*args, **kwargs),
  File "/home/frappe/frappe-bench-15/env/lib/python3.10/site-packages/redis/connection.py", line 847, in send_command
    self.send_packed_command(
  File "/home/frappe/frappe-bench-15/env/lib/python3.10/site-packages/redis/connection.py", line 817, in send_packed_command
    self.connect()
  File "/home/frappe/frappe-bench-15/env/lib/python3.10/site-packages/redis/connection.py", line 705, in connect
    raise ConnectionError(self._error_message(e))
redis.exceptions.ConnectionError: Error 111 connecting to 127.0.0.1:11000. Connection refused.
/home/frappe/frappe-bench-15/env/lib/python3.10/site-packages/rq/connections.py:58: DeprecationWarning: The `push_connection` function is deprecated. Pass the `connection` explicitly instead.
  warnings.warn(
/home/frappe/frappe-bench-15/env/lib/python3.10/site-packages/rq/connections.py:72: DeprecationWarning: The `pop_connection` function is deprecated. Pass the `connection` explicitly instead.
  warnings.warn(
Exception in thread Thread-1:
Traceback (most recent call last):
  File "/usr/lib/python3.10/threading.py", line 1016, in _bootstrap_inner
    self.run()
  File "/home/frappe/frappe-bench-15/env/lib/python3.10/site-packages/redis/client.py", line 1799, in run
    pubsub.get_message(ignore_subscribe_messages=True, timeout=sleep_time)
  File "/home/frappe/frappe-bench-15/env/lib/python3.10/site-packages/redis/client.py", line 1690, in get_message
    response = self.parse_response(block=(timeout is None), timeout=timeout)
  File "/home/frappe/frappe-bench-15/env/lib/python3.10/site-packages/redis/client.py", line 1542, in parse_response
    response = self._execute(conn, try_read)
  File "/home/frappe/frappe-bench-15/env/lib/python3.10/site-packages/redis/client.py", line 1518, in _execute
    return conn.retry.call_with_retry(
  File "/home/frappe/frappe-bench-15/env/lib/python3.10/site-packages/redis/retry.py", line 49, in call_with_retry
    fail(error)
  File "/home/frappe/frappe-bench-15/env/lib/python3.10/site-packages/redis/client.py", line 1520, in <lambda>
    lambda error: self._disconnect_raise_connect(conn, error),
  File "/home/frappe/frappe-bench-15/env/lib/python3.10/site-packages/redis/client.py", line 1507, in _disconnect_raise_connect
    raise error
  File "/home/frappe/frappe-bench-15/env/lib/python3.10/site-packages/redis/retry.py", line 46, in call_with_retry
    return do()
  File "/home/frappe/frappe-bench-15/env/lib/python3.10/site-packages/redis/client.py", line 1519, in <lambda>
    lambda: command(*args, **kwargs),
  File "/home/frappe/frappe-bench-15/env/lib/python3.10/site-packages/redis/client.py", line 1536, in try_read
    if not conn.can_read(timeout=timeout):
  File "/home/frappe/frappe-bench-15/env/lib/python3.10/site-packages/redis/connection.py", line 861, in can_read
    return self._parser.can_read(timeout)
  File "/home/frappe/frappe-bench-15/env/lib/python3.10/site-packages/redis/connection.py", line 444, in can_read
    return self.read_from_socket(timeout=timeout, raise_on_timeout=False)
  File "/home/frappe/frappe-bench-15/env/lib/python3.10/site-packages/redis/connection.py", line 455, in read_from_socket
    raise ConnectionError(SERVER_CLOSED_CONNECTION_ERROR)
redis.exceptions.ConnectionError: Connection closed by server.
Traceback (most recent call last):
  File "/home/frappe/frappe-bench-15/env/lib/python3.10/site-packages/redis/connection.py", line 699, in connect
    sock = self.retry.call_with_retry(
  File "/home/frappe/frappe-bench-15/env/lib/python3.10/site-packages/redis/retry.py", line 46, in call_with_retry
    return do()
  File "/home/frappe/frappe-bench-15/env/lib/python3.10/site-packages/redis/connection.py", line 700, in <lambda>
    lambda: self._connect(), lambda error: self.disconnect(error)
  File "/home/frappe/frappe-bench-15/env/lib/python3.10/site-packages/redis/connection.py", line 1002, in _connect
    raise err
  File "/home/frappe/frappe-bench-15/env/lib/python3.10/site-packages/redis/connection.py", line 990, in _connect
    sock.connect(socket_address)
ConnectionRefusedError: [Errno 111] Connection refused

During handling of the above exception, another exception occurred:

Traceback (most recent call last):
  File "/usr/lib/python3.10/runpy.py", line 196, in _run_module_as_main
    return _run_code(code, main_globals, None,
  File "/usr/lib/python3.10/runpy.py", line 86, in _run_code
    exec(code, run_globals)
  File "/home/frappe/frappe-bench-15/apps/frappe/frappe/utils/bench_helper.py", line 114, in <module>
    main()
  File "/home/frappe/frappe-bench-15/apps/frappe/frappe/utils/bench_helper.py", line 20, in main
    click.Group(commands=commands)(prog_name="bench")
  File "/home/frappe/frappe-bench-15/env/lib/python3.10/site-packages/click/core.py", line 1157, in __call__
    return self.main(*args, **kwargs)
  File "/home/frappe/frappe-bench-15/env/lib/python3.10/site-packages/click/core.py", line 1078, in main
    rv = self.invoke(ctx)
  File "/home/frappe/frappe-bench-15/env/lib/python3.10/site-packages/click/core.py", line 1688, in invoke
    return _process_result(sub_ctx.command.invoke(sub_ctx))
  File "/home/frappe/frappe-bench-15/env/lib/python3.10/site-packages/click/core.py", line 1688, in invoke
    return _process_result(sub_ctx.command.invoke(sub_ctx))
  File "/home/frappe/frappe-bench-15/env/lib/python3.10/site-packages/click/core.py", line 1434, in invoke
    return ctx.invoke(self.callback, **ctx.params)
  File "/home/frappe/frappe-bench-15/env/lib/python3.10/site-packages/click/core.py", line 783, in invoke
    return __callback(*args, **kwargs)
  File "/home/frappe/frappe-bench-15/apps/frappe/frappe/commands/scheduler.py", line 202, in start_worker
    start_worker(
  File "/home/frappe/frappe-bench-15/apps/frappe/frappe/utils/background_jobs.py", line 297, in start_worker
    worker.work(
  File "/home/frappe/frappe-bench-15/env/lib/python3.10/site-packages/rq/worker.py", line 456, in work
    self.teardown()
  File "/home/frappe/frappe-bench-15/env/lib/python3.10/site-packages/rq/worker.py", line 1047, in teardown
    self.unsubscribe()
  File "/home/frappe/frappe-bench-15/env/lib/python3.10/site-packages/rq/worker.py", line 624, in unsubscribe
    self.pubsub.unsubscribe()
  File "/home/frappe/frappe-bench-15/env/lib/python3.10/site-packages/redis/client.py", line 1659, in unsubscribe
    return self.execute_command("UNSUBSCRIBE", *args)
  File "/home/frappe/frappe-bench-15/env/lib/python3.10/site-packages/redis/client.py", line 1479, in execute_command
    self._execute(connection, connection.send_command, *args, **kwargs)
  File "/home/frappe/frappe-bench-15/env/lib/python3.10/site-packages/redis/client.py", line 1518, in _execute
    return conn.retry.call_with_retry(
  File "/home/frappe/frappe-bench-15/env/lib/python3.10/site-packages/redis/retry.py", line 49, in call_with_retry
    fail(error)
  File "/home/frappe/frappe-bench-15/env/lib/python3.10/site-packages/redis/client.py", line 1520, in <lambda>
    lambda error: self._disconnect_raise_connect(conn, error),
  File "/home/frappe/frappe-bench-15/env/lib/python3.10/site-packages/redis/client.py", line 1507, in _disconnect_raise_connect
    raise error
  File "/home/frappe/frappe-bench-15/env/lib/python3.10/site-packages/redis/retry.py", line 46, in call_with_retry
    return do()
  File "/home/frappe/frappe-bench-15/env/lib/python3.10/site-packages/redis/client.py", line 1519, in <lambda>
    lambda: command(*args, **kwargs),
  File "/home/frappe/frappe-bench-15/env/lib/python3.10/site-packages/redis/connection.py", line 847, in send_command
    self.send_packed_command(
  File "/home/frappe/frappe-bench-15/env/lib/python3.10/site-packages/redis/connection.py", line 817, in send_packed_command
    self.connect()
  File "/home/frappe/frappe-bench-15/env/lib/python3.10/site-packages/redis/connection.py", line 705, in connect
    raise ConnectionError(self._error_message(e))
redis.exceptions.ConnectionError: Error 111 connecting to 127.0.0.1:11000. Connection refused.
/home/frappe/frappe-bench-15/env/lib/python3.10/site-packages/rq/connections.py:58: DeprecationWarning: The `push_connection` function is deprecated. Pass the `connection` explicitly instead.
  warnings.warn(
/home/frappe/frappe-bench-15/env/lib/python3.10/site-packages/rq/connections.py:72: DeprecationWarning: The `pop_connection` function is deprecated. Pass the `connection` explicitly instead.
  warnings.warn(
Exception in thread Thread-1:
Traceback (most recent call last):
  File "/usr/lib/python3.10/threading.py", line 1016, in _bootstrap_inner
    self.run()
  File "/home/frappe/frappe-bench-15/env/lib/python3.10/site-packages/redis/client.py", line 1799, in run
    pubsub.get_message(ignore_subscribe_messages=True, timeout=sleep_time)
  File "/home/frappe/frappe-bench-15/env/lib/python3.10/site-packages/redis/client.py", line 1690, in get_message
    response = self.parse_response(block=(timeout is None), timeout=timeout)
  File "/home/frappe/frappe-bench-15/env/lib/python3.10/site-packages/redis/client.py", line 1542, in parse_response
    response = self._execute(conn, try_read)
  File "/home/frappe/frappe-bench-15/env/lib/python3.10/site-packages/redis/client.py", line 1518, in _execute
    return conn.retry.call_with_retry(
  File "/home/frappe/frappe-bench-15/env/lib/python3.10/site-packages/redis/retry.py", line 49, in call_with_retry
    fail(error)
  File "/home/frappe/frappe-bench-15/env/lib/python3.10/site-packages/redis/client.py", line 1520, in <lambda>
    lambda error: self._disconnect_raise_connect(conn, error),
  File "/home/frappe/frappe-bench-15/env/lib/python3.10/site-packages/redis/client.py", line 1507, in _disconnect_raise_connect
    raise error
  File "/home/frappe/frappe-bench-15/env/lib/python3.10/site-packages/redis/retry.py", line 46, in call_with_retry
    return do()
  File "/home/frappe/frappe-bench-15/env/lib/python3.10/site-packages/redis/client.py", line 1519, in <lambda>
    lambda: command(*args, **kwargs),
  File "/home/frappe/frappe-bench-15/env/lib/python3.10/site-packages/redis/client.py", line 1536, in try_read
    if not conn.can_read(timeout=timeout):
  File "/home/frappe/frappe-bench-15/env/lib/python3.10/site-packages/redis/connection.py", line 861, in can_read
    return self._parser.can_read(timeout)
  File "/home/frappe/frappe-bench-15/env/lib/python3.10/site-packages/redis/connection.py", line 444, in can_read
    return self.read_from_socket(timeout=timeout, raise_on_timeout=False)
  File "/home/frappe/frappe-bench-15/env/lib/python3.10/site-packages/redis/connection.py", line 455, in read_from_socket
    raise ConnectionError(SERVER_CLOSED_CONNECTION_ERROR)
redis.exceptions.ConnectionError: Connection closed by server.
Traceback (most recent call last):
  File "/home/frappe/frappe-bench-15/env/lib/python3.10/site-packages/redis/connection.py", line 699, in connect
    sock = self.retry.call_with_retry(
  File "/home/frappe/frappe-bench-15/env/lib/python3.10/site-packages/redis/retry.py", line 46, in call_with_retry
    return do()
  File "/home/frappe/frappe-bench-15/env/lib/python3.10/site-packages/redis/connection.py", line 700, in <lambda>
    lambda: self._connect(), lambda error: self.disconnect(error)
  File "/home/frappe/frappe-bench-15/env/lib/python3.10/site-packages/redis/connection.py", line 1002, in _connect
    raise err
  File "/home/frappe/frappe-bench-15/env/lib/python3.10/site-packages/redis/connection.py", line 990, in _connect
    sock.connect(socket_address)
ConnectionRefusedError: [Errno 111] Connection refused

During handling of the above exception, another exception occurred:

Traceback (most recent call last):
  File "/usr/lib/python3.10/runpy.py", line 196, in _run_module_as_main
    return _run_code(code, main_globals, None,
  File "/usr/lib/python3.10/runpy.py", line 86, in _run_code
    exec(code, run_globals)
  File "/home/frappe/frappe-bench-15/apps/frappe/frappe/utils/bench_helper.py", line 114, in <module>
    main()
  File "/home/frappe/frappe-bench-15/apps/frappe/frappe/utils/bench_helper.py", line 20, in main
    click.Group(commands=commands)(prog_name="bench")
  File "/home/frappe/frappe-bench-15/env/lib/python3.10/site-packages/click/core.py", line 1157, in __call__
    return self.main(*args, **kwargs)
  File "/home/frappe/frappe-bench-15/env/lib/python3.10/site-packages/click/core.py", line 1078, in main
    rv = self.invoke(ctx)
  File "/home/frappe/frappe-bench-15/env/lib/python3.10/site-packages/click/core.py", line 1688, in invoke
    return _process_result(sub_ctx.command.invoke(sub_ctx))
  File "/home/frappe/frappe-bench-15/env/lib/python3.10/site-packages/click/core.py", line 1688, in invoke
    return _process_result(sub_ctx.command.invoke(sub_ctx))
  File "/home/frappe/frappe-bench-15/env/lib/python3.10/site-packages/click/core.py", line 1434, in invoke
    return ctx.invoke(self.callback, **ctx.params)
  File "/home/frappe/frappe-bench-15/env/lib/python3.10/site-packages/click/core.py", line 783, in invoke
    return __callback(*args, **kwargs)
  File "/home/frappe/frappe-bench-15/apps/frappe/frappe/commands/scheduler.py", line 202, in start_worker
    start_worker(
  File "/home/frappe/frappe-bench-15/apps/frappe/frappe/utils/background_jobs.py", line 297, in start_worker
    worker.work(
  File "/home/frappe/frappe-bench-15/env/lib/python3.10/site-packages/rq/worker.py", line 456, in work
    self.teardown()
  File "/home/frappe/frappe-bench-15/env/lib/python3.10/site-packages/rq/worker.py", line 1047, in teardown
    self.unsubscribe()
  File "/home/frappe/frappe-bench-15/env/lib/python3.10/site-packages/rq/worker.py", line 624, in unsubscribe
    self.pubsub.unsubscribe()
  File "/home/frappe/frappe-bench-15/env/lib/python3.10/site-packages/redis/client.py", line 1659, in unsubscribe
    return self.execute_command("UNSUBSCRIBE", *args)
  File "/home/frappe/frappe-bench-15/env/lib/python3.10/site-packages/redis/client.py", line 1479, in execute_command
    self._execute(connection, connection.send_command, *args, **kwargs)
  File "/home/frappe/frappe-bench-15/env/lib/python3.10/site-packages/redis/client.py", line 1518, in _execute
    return conn.retry.call_with_retry(
  File "/home/frappe/frappe-bench-15/env/lib/python3.10/site-packages/redis/retry.py", line 49, in call_with_retry
    fail(error)
  File "/home/frappe/frappe-bench-15/env/lib/python3.10/site-packages/redis/client.py", line 1520, in <lambda>
    lambda error: self._disconnect_raise_connect(conn, error),
  File "/home/frappe/frappe-bench-15/env/lib/python3.10/site-packages/redis/client.py", line 1507, in _disconnect_raise_connect
    raise error
  File "/home/frappe/frappe-bench-15/env/lib/python3.10/site-packages/redis/retry.py", line 46, in call_with_retry
    return do()
  File "/home/frappe/frappe-bench-15/env/lib/python3.10/site-packages/redis/client.py", line 1519, in <lambda>
    lambda: command(*args, **kwargs),
  File "/home/frappe/frappe-bench-15/env/lib/python3.10/site-packages/redis/connection.py", line 847, in send_command
    self.send_packed_command(
  File "/home/frappe/frappe-bench-15/env/lib/python3.10/site-packages/redis/connection.py", line 817, in send_packed_command
    self.connect()
  File "/home/frappe/frappe-bench-15/env/lib/python3.10/site-packages/redis/connection.py", line 705, in connect
    raise ConnectionError(self._error_message(e))
redis.exceptions.ConnectionError: Error 111 connecting to 127.0.0.1:11000. Connection refused.
2024-11-15 22:50:25,379 [Job erp1.local::scheduled_job::frappe.email.doctype.email_account.email_account.pull]: exception raised while executing (frappe.utils.background_jobs.execute_job)
Traceback (most recent call last):
  File "/home/frappe/frappe-bench-15/apps/frappe/frappe/utils/caching.py", line 57, in wrapper
    return frappe.local.request_cache[func][args_key]
KeyError: 5740354900026072187

During handling of the above exception, another exception occurred:

Traceback (most recent call last):
  File "/home/frappe/frappe-bench-15/env/lib/python3.10/site-packages/rq/worker.py", line 1428, in perform_job
    rv = job.perform()
  File "/home/frappe/frappe-bench-15/env/lib/python3.10/site-packages/rq/job.py", line 1278, in perform
    self._result = self._execute()
  File "/home/frappe/frappe-bench-15/env/lib/python3.10/site-packages/rq/job.py", line 1315, in _execute
    result = self.func(*self.args, **self.kwargs)
  File "/home/frappe/frappe-bench-15/apps/frappe/frappe/utils/background_jobs.py", line 217, in execute_job
    for before_job_task in frappe.get_hooks("before_job"):
  File "/home/frappe/frappe-bench-15/apps/frappe/frappe/__init__.py", line 1651, in get_hooks
    hooks = _dict(_load_app_hooks())
  File "/home/frappe/frappe-bench-15/apps/frappe/frappe/utils/caching.py", line 59, in wrapper
    return_val = func(*args, **kwargs)
  File "/home/frappe/frappe-bench-15/apps/frappe/frappe/__init__.py", line 1620, in _load_app_hooks
    app_hooks = get_module(f"{app}.hooks")
  File "/home/frappe/frappe-bench-15/apps/frappe/frappe/__init__.py", line 1486, in get_module
    return importlib.import_module(modulename)
  File "/usr/lib/python3.10/importlib/__init__.py", line 126, in import_module
    return _bootstrap._gcd_import(name[level:], package, level)
  File "<frozen importlib._bootstrap>", line 1050, in _gcd_import
  File "<frozen importlib._bootstrap>", line 1027, in _find_and_load
  File "<frozen importlib._bootstrap>", line 1006, in _find_and_load_unlocked
  File "<frozen importlib._bootstrap>", line 688, in _load_unlocked
  File "<frozen importlib._bootstrap_external>", line 879, in exec_module
  File "<frozen importlib._bootstrap_external>", line 1017, in get_code
  File "<frozen importlib._bootstrap_external>", line 947, in source_to_code
  File "<frozen importlib._bootstrap>", line 241, in _call_with_frames_removed
  File "/home/frappe/frappe-bench-15/apps/hid/hid/hooks.py", line 35
    "Lead": "public/js/Generate Codes.js"
          ^
SyntaxError: invalid syntax

2024-11-15 22:51:25,548 [Job erp1.local::scheduled_job::frappe.email.doctype.email_account.email_account.pull]: exception raised while executing (frappe.utils.background_jobs.execute_job)
Traceback (most recent call last):
  File "/home/frappe/frappe-bench-15/apps/frappe/frappe/utils/caching.py", line 57, in wrapper
    return frappe.local.request_cache[func][args_key]
KeyError: 5740354900026072187

During handling of the above exception, another exception occurred:

Traceback (most recent call last):
  File "/home/frappe/frappe-bench-15/env/lib/python3.10/site-packages/rq/worker.py", line 1428, in perform_job
    rv = job.perform()
  File "/home/frappe/frappe-bench-15/env/lib/python3.10/site-packages/rq/job.py", line 1278, in perform
    self._result = self._execute()
  File "/home/frappe/frappe-bench-15/env/lib/python3.10/site-packages/rq/job.py", line 1315, in _execute
    result = self.func(*self.args, **self.kwargs)
  File "/home/frappe/frappe-bench-15/apps/frappe/frappe/utils/background_jobs.py", line 217, in execute_job
    for before_job_task in frappe.get_hooks("before_job"):
  File "/home/frappe/frappe-bench-15/apps/frappe/frappe/__init__.py", line 1651, in get_hooks
    hooks = _dict(_load_app_hooks())
  File "/home/frappe/frappe-bench-15/apps/frappe/frappe/utils/caching.py", line 59, in wrapper
    return_val = func(*args, **kwargs)
  File "/home/frappe/frappe-bench-15/apps/frappe/frappe/__init__.py", line 1620, in _load_app_hooks
    app_hooks = get_module(f"{app}.hooks")
  File "/home/frappe/frappe-bench-15/apps/frappe/frappe/__init__.py", line 1486, in get_module
    return importlib.import_module(modulename)
  File "/usr/lib/python3.10/importlib/__init__.py", line 126, in import_module
    return _bootstrap._gcd_import(name[level:], package, level)
  File "<frozen importlib._bootstrap>", line 1050, in _gcd_import
  File "<frozen importlib._bootstrap>", line 1027, in _find_and_load
  File "<frozen importlib._bootstrap>", line 1006, in _find_and_load_unlocked
  File "<frozen importlib._bootstrap>", line 688, in _load_unlocked
  File "<frozen importlib._bootstrap_external>", line 879, in exec_module
  File "<frozen importlib._bootstrap_external>", line 1017, in get_code
  File "<frozen importlib._bootstrap_external>", line 947, in source_to_code
  File "<frozen importlib._bootstrap>", line 241, in _call_with_frames_removed
  File "/home/frappe/frappe-bench-15/apps/hid/hid/hooks.py", line 35
    "Lead": "public/js/auto_save.py"
          ^
SyntaxError: invalid syntax

StartedJobRegistry cleanup: Moving job to FailedJobRegistry (due to AbandonedJobError)
2024-12-30 12:30:07,842 Could not connect to Redis instance: Connection closed by server. Retrying in 1 seconds...
Exception in thread Thread-1:
Traceback (most recent call last):
  File "/usr/lib/python3.10/threading.py", line 1016, in _bootstrap_inner
2024-12-30 12:30:07,842 Could not connect to Redis instance: Connection closed by server. Retrying in 1 seconds...
Exception in thread Thread-1:
Traceback (most recent call last):
  File "/usr/lib/python3.10/threading.py", line 1016, in _bootstrap_inner
    self.run()
  File "/home/frappe/frappe-bench-15/env/lib/python3.10/site-packages/redis/client.py", line 1799, in run
    self.run()
  File "/home/frappe/frappe-bench-15/env/lib/python3.10/site-packages/redis/client.py", line 1799, in run
    pubsub.get_message(ignore_subscribe_messages=True, timeout=sleep_time)
  File "/home/frappe/frappe-bench-15/env/lib/python3.10/site-packages/redis/client.py", line 1690, in get_message
    response = self.parse_response(block=(timeout is None), timeout=timeout)
  File "/home/frappe/frappe-bench-15/env/lib/python3.10/site-packages/redis/client.py", line 1542, in parse_response
    response = self._execute(conn, try_read)
  File "/home/frappe/frappe-bench-15/env/lib/python3.10/site-packages/redis/client.py", line 1518, in _execute
    pubsub.get_message(ignore_subscribe_messages=True, timeout=sleep_time)
  File "/home/frappe/frappe-bench-15/env/lib/python3.10/site-packages/redis/client.py", line 1690, in get_message
    response = self.parse_response(block=(timeout is None), timeout=timeout)
  File "/home/frappe/frappe-bench-15/env/lib/python3.10/site-packages/redis/client.py", line 1542, in parse_response
    response = self._execute(conn, try_read)
  File "/home/frappe/frappe-bench-15/env/lib/python3.10/site-packages/redis/client.py", line 1518, in _execute
    return conn.retry.call_with_retry(
  File "/home/frappe/frappe-bench-15/env/lib/python3.10/site-packages/redis/retry.py", line 49, in call_with_retry
    return conn.retry.call_with_retry(
  File "/home/frappe/frappe-bench-15/env/lib/python3.10/site-packages/redis/retry.py", line 49, in call_with_retry
    fail(error)
  File "/home/frappe/frappe-bench-15/env/lib/python3.10/site-packages/redis/client.py", line 1520, in <lambda>
    fail(error)
  File "/home/frappe/frappe-bench-15/env/lib/python3.10/site-packages/redis/client.py", line 1520, in <lambda>
    lambda error: self._disconnect_raise_connect(conn, error),
  File "/home/frappe/frappe-bench-15/env/lib/python3.10/site-packages/redis/client.py", line 1507, in _disconnect_raise_connect
    raise error
  File "/home/frappe/frappe-bench-15/env/lib/python3.10/site-packages/redis/retry.py", line 46, in call_with_retry
    return do()
  File "/home/frappe/frappe-bench-15/env/lib/python3.10/site-packages/redis/client.py", line 1519, in <lambda>
    lambda: command(*args, **kwargs),
  File "/home/frappe/frappe-bench-15/env/lib/python3.10/site-packages/redis/client.py", line 1536, in try_read
    lambda error: self._disconnect_raise_connect(conn, error),
  File "/home/frappe/frappe-bench-15/env/lib/python3.10/site-packages/redis/client.py", line 1507, in _disconnect_raise_connect
    raise error
  File "/home/frappe/frappe-bench-15/env/lib/python3.10/site-packages/redis/retry.py", line 46, in call_with_retry
    return do()
  File "/home/frappe/frappe-bench-Traceback (most recent call last):
  File "/home/frappe/frappe-bench-15/env/lib/python3.10/site-packages/redis/connection.py", line 699, in connect
    sock = self.retry.call_with_retry(
  File "/home/frappe/frappe-bench-15/env/lib/python3.10/site-packages/redis/retry.py", line 46, in call_with_retry
    return do()
  File "/home/frappe/frappe-bench-15/env/lib/python3.10/site-packages/redis/connection.py", line 700, in <lambda>
    lambda: self._connect(), lambda error: self.disconnect(error)
  File "/home/frappe/frappe-bench-15/env/lib/python3.10/site-packages/redis/connection.py", line 1002, in _connect
    raise err
  File "/home/frappe/frappe-bench-15/env/lib/python3.10/site-packages/redis/connection.py", line 990, in _connect
    sock.connect(socket_address)
ConnectionRefusedError: [Errno 111] Connection refused

During handling of the above exception, another exception occurred:

Traceback (most recent call last):
  File "/usr/lib/python3.10/runpy.py", line 196, in _run_module_as_main
    return _run_code(code, main_globals, None,
  File "/usr/lib/python3.10/runpy.py", line 86, in _run_code
    exec(code, run_globals)
  File "/home/frappe/frappe-bench-15/apps/frappe/frappe/utils/bench_helper.py", line 114, in <module>
    main()
  File "/home/frappe/frappe-bench-15/apps/frappe/frappe/utils/bench_helper.py", line 20, in main
    click.Group(commands=commands)(prog_name="bench")
  File "/home/frappe/frappe-bench-15/env/lib/python3.10/site-packages/click/core.py", line 1157, in __call__
    return self.main(*args, **kwargs)
  File "/home/frappe/frappe-bench-15/env/lib/python3.10/site-packages/click/core.py", line 1078, in main
    rv = self.invoke(ctx)
  File "/home/frappe/frappe-bench-15/env/lib/python3.10/site-packages/click/core.py", line 1688, in invoke
    return _process_result(sub_ctx.command.invoke(sub_ctx))
  File "/home/frappe/frappe-bench-15/env/lib/python3.10/site-packages/click/core.py", line 1688, in invoke
    return _process_result(sub_ctx.command.invoke(sub_ctx))
  File "/home/frappe/frappe-bench-15/env/lib/python3.10/site-packages/click/core.py", line 1434, in invoke
    return ctx.invoke(self.callback, **ctx.params)
  File "/home/frappe/frappe-bench-15/env/lib/python3.10/site-packages/click/core.py", line 783, in invoke
    return __callback(*args, **kwargs)
  File "/home/frappe/frappe-bench-15/apps/frappe/frappe/commands/scheduler.py", line 202, in start_worker
    start_worker(
  File "/home/frappe/frappe-bench-15/apps/frappe/frappe/utils/background_jobs.py", line 297, in start_worker
    worker.work(
  File "/home/frappe/frappe-bench-15/env/lib/python3.10/site-packages/rq/worker.py", line 456, in work
    self.teardown()
  File "/home/frappe/frappe-bench-15/env/lib/python3.10/site-packages/rq/worker.py", line 1047, in teardown
    self.unsubscribe()
  File "/home/frappe/frappe-bench-15/env/lib/python3.10/site-packages/rq/worker.py", line 624, in unsubscribe
    self.pubsub.unsubscribe()
  File "/home/frappe/frappe-bench-15/env/lib/python3.10/site-packages/redis/client.py", line 1659, in unsubscribe
    return self.execute_command("UNSUBSCRIBE", *args)
  File "/home/frappe/frappe-bench-15/env/lib/python3.10/site-packages/redis/client.py", line 1469, in execute_command
    self.connection = self.connection_pool.get_connection(
  File "/home/frappe/frappe-bench-15/env/lib/python3.10/site-packages/redis/connection.py", line 1457, in get_connection
    connection.connect()
  File "/home/frappe/frappe-bench-15/env/lib/python3.10/site-packages/redis/connection.py", line 705, in connect
    raise ConnectionError(self._error_message(e))
redis.exceptions.ConnectionError: Error 111 connecting to 127.0.0.1:11000. Connection refused.
